  Determining projects to restore...
  All projects are up-to-date for restore.
  CleanArc.SharedKernel -> C:\Users\JackyLoh716\Desktop\Y4S2_FYP\vega-backend\src\Shared\CleanArc.SharedKernel\bin\Debug\net8.0\CleanArc.SharedKernel.dll
  CleanArc.Domain -> C:\Users\JackyLoh716\Desktop\Y4S2_FYP\vega-backend\src\Core\CleanArc.Domain\bin\Debug\net8.0\CleanArc.Domain.dll
  CleanArc.Application -> C:\Users\JackyLoh716\Desktop\Y4S2_FYP\vega-backend\src\Core\CleanArc.Application\bin\Debug\net8.0\CleanArc.Application.dll
  CleanArc.Web.Plugins.Grpc -> C:\Users\JackyLoh716\Desktop\Y4S2_FYP\vega-backend\src\API\Plugins\CleanArc.Web.Plugins.Grpc\bin\Debug\net8.0\CleanArc.Web.Plugins.Grpc.dll
  CleanArc.Infrastructure.Persistence -> C:\Users\JackyLoh716\Desktop\Y4S2_FYP\vega-backend\src\Infrastructure\CleanArc.Infrastructure.Persistence\bin\Debug\net8.0\CleanArc.Infrastructure.Persistence.dll
  CleanArc.Infrastructure.Identity -> C:\Users\JackyLoh716\Desktop\Y4S2_FYP\vega-backend\src\Infrastructure\CleanArc.Infrastructure.Identity\bin\Debug\net8.0\CleanArc.Infrastructure.Identity.dll
  CleanArc.Infrastructure.CrossCutting -> C:\Users\JackyLoh716\Desktop\Y4S2_FYP\vega-backend\src\Infrastructure\CleanArc.Infrastructure.CrossCutting\bin\Debug\net8.0\CleanArc.Infrastructure.CrossCutting.dll
  CleanArc.WebFramework -> C:\Users\JackyLoh716\Desktop\Y4S2_FYP\vega-backend\src\API\CleanArc.WebFramework\bin\Debug\net8.0\CleanArc.WebFramework.dll
C:\Program Files\dotnet\sdk\9.0.201\Microsoft.Common.CurrentVersion.targets(5063,5): warning MSB3026: Could not copy "C:\Users\JackyLoh716\Desktop\Y4S2_FYP\vega-backend\src\Shared\CleanArc.SharedKernel\bin\Debug\net8.0\CleanArc.SharedKernel.dll" to "bin\Debug\net8.0\CleanArc.SharedKernel.dll". Beginning retry 1 in 1000ms. The process cannot access the file 'C:\Users\JackyLoh716\Desktop\Y4S2_FYP\vega-backend\src\API\CleanArc.Web.Api\bin\Debug\net8.0\CleanArc.SharedKernel.dll' because it is being used by another process. The file is locked by: "CleanArc.Web.Api (9460)" [C:\Users\JackyLoh716\Desktop\Y4S2_FYP\vega-backend\src\API\CleanArc.Web.Api\CleanArc.Web.Api.csproj]
C:\Program Files\dotnet\sdk\9.0.201\Microsoft.Common.CurrentVersion.targets(5063,5): warning MSB3026: Could not copy "C:\Users\JackyLoh716\Desktop\Y4S2_FYP\vega-backend\src\Infrastructure\CleanArc.Infrastructure.CrossCutting\bin\Debug\net8.0\CleanArc.Infrastructure.CrossCutting.dll" to "bin\Debug\net8.0\CleanArc.Infrastructure.CrossCutting.dll". Beginning retry 1 in 1000ms. The process cannot access the file 'C:\Users\JackyLoh716\Desktop\Y4S2_FYP\vega-backend\src\API\CleanArc.Web.Api\bin\Debug\net8.0\CleanArc.Infrastructure.CrossCutting.dll' because it is being used by another process. The file is locked by: "CleanArc.Web.Api (9460)" [C:\Users\JackyLoh716\Desktop\Y4S2_FYP\vega-backend\src\API\CleanArc.Web.Api\CleanArc.Web.Api.csproj]
C:\Program Files\dotnet\sdk\9.0.201\Microsoft.Common.CurrentVersion.targets(5063,5): warning MSB3026: Could not copy "C:\Users\JackyLoh716\Desktop\Y4S2_FYP\vega-backend\src\Core\CleanArc.Application\bin\Debug\net8.0\CleanArc.Application.dll" to "bin\Debug\net8.0\CleanArc.Application.dll". Beginning retry 1 in 1000ms. The process cannot access the file 'C:\Users\JackyLoh716\Desktop\Y4S2_FYP\vega-backend\src\API\CleanArc.Web.Api\bin\Debug\net8.0\CleanArc.Application.dll' because it is being used by another process. The file is locked by: "CleanArc.Web.Api (9460)" [C:\Users\JackyLoh716\Desktop\Y4S2_FYP\vega-backend\src\API\CleanArc.Web.Api\CleanArc.Web.Api.csproj]
C:\Program Files\dotnet\sdk\9.0.201\Microsoft.Common.CurrentVersion.targets(5063,5): warning MSB3026: Could not copy "C:\Users\JackyLoh716\Desktop\Y4S2_FYP\vega-backend\src\Core\CleanArc.Domain\bin\Debug\net8.0\CleanArc.Domain.dll" to "bin\Debug\net8.0\CleanArc.Domain.dll". Beginning retry 1 in 1000ms. The process cannot access the file 'C:\Users\JackyLoh716\Desktop\Y4S2_FYP\vega-backend\src\API\CleanArc.Web.Api\bin\Debug\net8.0\CleanArc.Domain.dll' because it is being used by another process. The file is locked by: "CleanArc.Web.Api (9460)" [C:\Users\JackyLoh716\Desktop\Y4S2_FYP\vega-backend\src\API\CleanArc.Web.Api\CleanArc.Web.Api.csproj]
C:\Program Files\dotnet\sdk\9.0.201\Microsoft.Common.CurrentVersion.targets(5063,5): warning MSB3026: Could not copy "C:\Users\JackyLoh716\Desktop\Y4S2_FYP\vega-backend\src\Infrastructure\CleanArc.Infrastructure.Persistence\bin\Debug\net8.0\CleanArc.Infrastructure.Persistence.dll" to "bin\Debug\net8.0\CleanArc.Infrastructure.Persistence.dll". Beginning retry 1 in 1000ms. The process cannot access the file 'C:\Users\JackyLoh716\Desktop\Y4S2_FYP\vega-backend\src\API\CleanArc.Web.Api\bin\Debug\net8.0\CleanArc.Infrastructure.Persistence.dll' because it is being used by another process. The file is locked by: "CleanArc.Web.Api (9460)" [C:\Users\JackyLoh716\Desktop\Y4S2_FYP\vega-backend\src\API\CleanArc.Web.Api\CleanArc.Web.Api.csproj]
C:\Program Files\dotnet\sdk\9.0.201\Microsoft.Common.CurrentVersion.targets(5063,5): warning MSB3026: Could not copy "C:\Users\JackyLoh716\Desktop\Y4S2_FYP\vega-backend\src\Infrastructure\CleanArc.Infrastructure.Identity\bin\Debug\net8.0\CleanArc.Infrastructure.Identity.dll" to "bin\Debug\net8.0\CleanArc.Infrastructure.Identity.dll". Beginning retry 1 in 1000ms. The process cannot access the file 'C:\Users\JackyLoh716\Desktop\Y4S2_FYP\vega-backend\src\API\CleanArc.Web.Api\bin\Debug\net8.0\CleanArc.Infrastructure.Identity.dll' because it is being used by another process. The file is locked by: "CleanArc.Web.Api (9460)" [C:\Users\JackyLoh716\Desktop\Y4S2_FYP\vega-backend\src\API\CleanArc.Web.Api\CleanArc.Web.Api.csproj]
C:\Program Files\dotnet\sdk\9.0.201\Microsoft.Common.CurrentVersion.targets(5063,5): warning MSB3026: Could not copy "C:\Users\JackyLoh716\Desktop\Y4S2_FYP\vega-backend\src\Core\CleanArc.Application\bin\Debug\net8.0\CleanArc.Application.dll" to "bin\Debug\net8.0\CleanArc.Application.dll". Beginning retry 2 in 1000ms. The process cannot access the file 'C:\Users\JackyLoh716\Desktop\Y4S2_FYP\vega-backend\src\API\CleanArc.Web.Api\bin\Debug\net8.0\CleanArc.Application.dll' because it is being used by another process. The file is locked by: "CleanArc.Web.Api (9460)" [C:\Users\JackyLoh716\Desktop\Y4S2_FYP\vega-backend\src\API\CleanArc.Web.Api\CleanArc.Web.Api.csproj]
C:\Program Files\dotnet\sdk\9.0.201\Microsoft.Common.CurrentVersion.targets(5063,5): warning MSB3026: Could not copy "C:\Users\JackyLoh716\Desktop\Y4S2_FYP\vega-backend\src\Infrastructure\CleanArc.Infrastructure.Identity\bin\Debug\net8.0\CleanArc.Infrastructure.Identity.dll" to "bin\Debug\net8.0\CleanArc.Infrastructure.Identity.dll". Beginning retry 2 in 1000ms. The process cannot access the file 'C:\Users\JackyLoh716\Desktop\Y4S2_FYP\vega-backend\src\API\CleanArc.Web.Api\bin\Debug\net8.0\CleanArc.Infrastructure.Identity.dll' because it is being used by another process. The file is locked by: "CleanArc.Web.Api (9460)" [C:\Users\JackyLoh716\Desktop\Y4S2_FYP\vega-backend\src\API\CleanArc.Web.Api\CleanArc.Web.Api.csproj]
C:\Program Files\dotnet\sdk\9.0.201\Microsoft.Common.CurrentVersion.targets(5063,5): warning MSB3026: Could not copy "C:\Users\JackyLoh716\Desktop\Y4S2_FYP\vega-backend\src\Shared\CleanArc.SharedKernel\bin\Debug\net8.0\CleanArc.SharedKernel.dll" to "bin\Debug\net8.0\CleanArc.SharedKernel.dll". Beginning retry 2 in 1000ms. The process cannot access the file 'C:\Users\JackyLoh716\Desktop\Y4S2_FYP\vega-backend\src\API\CleanArc.Web.Api\bin\Debug\net8.0\CleanArc.SharedKernel.dll' because it is being used by another process. The file is locked by: "CleanArc.Web.Api (9460)" [C:\Users\JackyLoh716\Desktop\Y4S2_FYP\vega-backend\src\API\CleanArc.Web.Api\CleanArc.Web.Api.csproj]
C:\Program Files\dotnet\sdk\9.0.201\Microsoft.Common.CurrentVersion.targets(5063,5): warning MSB3026: Could not copy "C:\Users\JackyLoh716\Desktop\Y4S2_FYP\vega-backend\src\Core\CleanArc.Domain\bin\Debug\net8.0\CleanArc.Domain.dll" to "bin\Debug\net8.0\CleanArc.Domain.dll". Beginning retry 2 in 1000ms. The process cannot access the file 'C:\Users\JackyLoh716\Desktop\Y4S2_FYP\vega-backend\src\API\CleanArc.Web.Api\bin\Debug\net8.0\CleanArc.Domain.dll' because it is being used by another process. The file is locked by: "CleanArc.Web.Api (9460)" [C:\Users\JackyLoh716\Desktop\Y4S2_FYP\vega-backend\src\API\CleanArc.Web.Api\CleanArc.Web.Api.csproj]
C:\Program Files\dotnet\sdk\9.0.201\Microsoft.Common.CurrentVersion.targets(5063,5): warning MSB3026: Could not copy "C:\Users\JackyLoh716\Desktop\Y4S2_FYP\vega-backend\src\Infrastructure\CleanArc.Infrastructure.CrossCutting\bin\Debug\net8.0\CleanArc.Infrastructure.CrossCutting.dll" to "bin\Debug\net8.0\CleanArc.Infrastructure.CrossCutting.dll". Beginning retry 2 in 1000ms. The process cannot access the file 'C:\Users\JackyLoh716\Desktop\Y4S2_FYP\vega-backend\src\API\CleanArc.Web.Api\bin\Debug\net8.0\CleanArc.Infrastructure.CrossCutting.dll' because it is being used by another process. The file is locked by: "CleanArc.Web.Api (9460)" [C:\Users\JackyLoh716\Desktop\Y4S2_FYP\vega-backend\src\API\CleanArc.Web.Api\CleanArc.Web.Api.csproj]
C:\Program Files\dotnet\sdk\9.0.201\Microsoft.Common.CurrentVersion.targets(5063,5): warning MSB3026: Could not copy "C:\Users\JackyLoh716\Desktop\Y4S2_FYP\vega-backend\src\Infrastructure\CleanArc.Infrastructure.Persistence\bin\Debug\net8.0\CleanArc.Infrastructure.Persistence.dll" to "bin\Debug\net8.0\CleanArc.Infrastructure.Persistence.dll". Beginning retry 2 in 1000ms. The process cannot access the file 'C:\Users\JackyLoh716\Desktop\Y4S2_FYP\vega-backend\src\API\CleanArc.Web.Api\bin\Debug\net8.0\CleanArc.Infrastructure.Persistence.dll' because it is being used by another process. The file is locked by: "CleanArc.Web.Api (9460)" [C:\Users\JackyLoh716\Desktop\Y4S2_FYP\vega-backend\src\API\CleanArc.Web.Api\CleanArc.Web.Api.csproj]
C:\Program Files\dotnet\sdk\9.0.201\Microsoft.Common.CurrentVersion.targets(5063,5): warning MSB3026: Could not copy "C:\Users\JackyLoh716\Desktop\Y4S2_FYP\vega-backend\src\Core\CleanArc.Application\bin\Debug\net8.0\CleanArc.Application.dll" to "bin\Debug\net8.0\CleanArc.Application.dll". Beginning retry 3 in 1000ms. The process cannot access the file 'C:\Users\JackyLoh716\Desktop\Y4S2_FYP\vega-backend\src\API\CleanArc.Web.Api\bin\Debug\net8.0\CleanArc.Application.dll' because it is being used by another process. The file is locked by: "CleanArc.Web.Api (9460)" [C:\Users\JackyLoh716\Desktop\Y4S2_FYP\vega-backend\src\API\CleanArc.Web.Api\CleanArc.Web.Api.csproj]
C:\Program Files\dotnet\sdk\9.0.201\Microsoft.Common.CurrentVersion.targets(5063,5): warning MSB3026: Could not copy "C:\Users\JackyLoh716\Desktop\Y4S2_FYP\vega-backend\src\Infrastructure\CleanArc.Infrastructure.CrossCutting\bin\Debug\net8.0\CleanArc.Infrastructure.CrossCutting.dll" to "bin\Debug\net8.0\CleanArc.Infrastructure.CrossCutting.dll". Beginning retry 3 in 1000ms. The process cannot access the file 'C:\Users\JackyLoh716\Desktop\Y4S2_FYP\vega-backend\src\API\CleanArc.Web.Api\bin\Debug\net8.0\CleanArc.Infrastructure.CrossCutting.dll' because it is being used by another process. The file is locked by: "CleanArc.Web.Api (9460)" [C:\Users\JackyLoh716\Desktop\Y4S2_FYP\vega-backend\src\API\CleanArc.Web.Api\CleanArc.Web.Api.csproj]
C:\Program Files\dotnet\sdk\9.0.201\Microsoft.Common.CurrentVersion.targets(5063,5): warning MSB3026: Could not copy "C:\Users\JackyLoh716\Desktop\Y4S2_FYP\vega-backend\src\Infrastructure\CleanArc.Infrastructure.Persistence\bin\Debug\net8.0\CleanArc.Infrastructure.Persistence.dll" to "bin\Debug\net8.0\CleanArc.Infrastructure.Persistence.dll". Beginning retry 3 in 1000ms. The process cannot access the file 'C:\Users\JackyLoh716\Desktop\Y4S2_FYP\vega-backend\src\API\CleanArc.Web.Api\bin\Debug\net8.0\CleanArc.Infrastructure.Persistence.dll' because it is being used by another process. The file is locked by: "CleanArc.Web.Api (9460)" [C:\Users\JackyLoh716\Desktop\Y4S2_FYP\vega-backend\src\API\CleanArc.Web.Api\CleanArc.Web.Api.csproj]
C:\Program Files\dotnet\sdk\9.0.201\Microsoft.Common.CurrentVersion.targets(5063,5): warning MSB3026: Could not copy "C:\Users\JackyLoh716\Desktop\Y4S2_FYP\vega-backend\src\Core\CleanArc.Domain\bin\Debug\net8.0\CleanArc.Domain.dll" to "bin\Debug\net8.0\CleanArc.Domain.dll". Beginning retry 3 in 1000ms. The process cannot access the file 'C:\Users\JackyLoh716\Desktop\Y4S2_FYP\vega-backend\src\API\CleanArc.Web.Api\bin\Debug\net8.0\CleanArc.Domain.dll' because it is being used by another process. The file is locked by: "CleanArc.Web.Api (9460)" [C:\Users\JackyLoh716\Desktop\Y4S2_FYP\vega-backend\src\API\CleanArc.Web.Api\CleanArc.Web.Api.csproj]
C:\Program Files\dotnet\sdk\9.0.201\Microsoft.Common.CurrentVersion.targets(5063,5): warning MSB3026: Could not copy "C:\Users\JackyLoh716\Desktop\Y4S2_FYP\vega-backend\src\Infrastructure\CleanArc.Infrastructure.Identity\bin\Debug\net8.0\CleanArc.Infrastructure.Identity.dll" to "bin\Debug\net8.0\CleanArc.Infrastructure.Identity.dll". Beginning retry 3 in 1000ms. The process cannot access the file 'C:\Users\JackyLoh716\Desktop\Y4S2_FYP\vega-backend\src\API\CleanArc.Web.Api\bin\Debug\net8.0\CleanArc.Infrastructure.Identity.dll' because it is being used by another process. The file is locked by: "CleanArc.Web.Api (9460)" [C:\Users\JackyLoh716\Desktop\Y4S2_FYP\vega-backend\src\API\CleanArc.Web.Api\CleanArc.Web.Api.csproj]
C:\Program Files\dotnet\sdk\9.0.201\Microsoft.Common.CurrentVersion.targets(5063,5): warning MSB3026: Could not copy "C:\Users\JackyLoh716\Desktop\Y4S2_FYP\vega-backend\src\Shared\CleanArc.SharedKernel\bin\Debug\net8.0\CleanArc.SharedKernel.dll" to "bin\Debug\net8.0\CleanArc.SharedKernel.dll". Beginning retry 3 in 1000ms. The process cannot access the file 'C:\Users\JackyLoh716\Desktop\Y4S2_FYP\vega-backend\src\API\CleanArc.Web.Api\bin\Debug\net8.0\CleanArc.SharedKernel.dll' because it is being used by another process. The file is locked by: "CleanArc.Web.Api (9460)" [C:\Users\JackyLoh716\Desktop\Y4S2_FYP\vega-backend\src\API\CleanArc.Web.Api\CleanArc.Web.Api.csproj]
C:\Program Files\dotnet\sdk\9.0.201\Microsoft.Common.CurrentVersion.targets(5063,5): warning MSB3026: Could not copy "C:\Users\JackyLoh716\Desktop\Y4S2_FYP\vega-backend\src\Core\CleanArc.Application\bin\Debug\net8.0\CleanArc.Application.dll" to "bin\Debug\net8.0\CleanArc.Application.dll". Beginning retry 4 in 1000ms. The process cannot access the file 'C:\Users\JackyLoh716\Desktop\Y4S2_FYP\vega-backend\src\API\CleanArc.Web.Api\bin\Debug\net8.0\CleanArc.Application.dll' because it is being used by another process. The file is locked by: "CleanArc.Web.Api (9460)" [C:\Users\JackyLoh716\Desktop\Y4S2_FYP\vega-backend\src\API\CleanArc.Web.Api\CleanArc.Web.Api.csproj]
C:\Program Files\dotnet\sdk\9.0.201\Microsoft.Common.CurrentVersion.targets(5063,5): warning MSB3026: Could not copy "C:\Users\JackyLoh716\Desktop\Y4S2_FYP\vega-backend\src\Infrastructure\CleanArc.Infrastructure.Identity\bin\Debug\net8.0\CleanArc.Infrastructure.Identity.dll" to "bin\Debug\net8.0\CleanArc.Infrastructure.Identity.dll". Beginning retry 4 in 1000ms. The process cannot access the file 'C:\Users\JackyLoh716\Desktop\Y4S2_FYP\vega-backend\src\API\CleanArc.Web.Api\bin\Debug\net8.0\CleanArc.Infrastructure.Identity.dll' because it is being used by another process. The file is locked by: "CleanArc.Web.Api (9460)" [C:\Users\JackyLoh716\Desktop\Y4S2_FYP\vega-backend\src\API\CleanArc.Web.Api\CleanArc.Web.Api.csproj]
C:\Program Files\dotnet\sdk\9.0.201\Microsoft.Common.CurrentVersion.targets(5063,5): warning MSB3026: Could not copy "C:\Users\JackyLoh716\Desktop\Y4S2_FYP\vega-backend\src\Infrastructure\CleanArc.Infrastructure.CrossCutting\bin\Debug\net8.0\CleanArc.Infrastructure.CrossCutting.dll" to "bin\Debug\net8.0\CleanArc.Infrastructure.CrossCutting.dll". Beginning retry 4 in 1000ms. The process cannot access the file 'C:\Users\JackyLoh716\Desktop\Y4S2_FYP\vega-backend\src\API\CleanArc.Web.Api\bin\Debug\net8.0\CleanArc.Infrastructure.CrossCutting.dll' because it is being used by another process. The file is locked by: "CleanArc.Web.Api (9460)" [C:\Users\JackyLoh716\Desktop\Y4S2_FYP\vega-backend\src\API\CleanArc.Web.Api\CleanArc.Web.Api.csproj]
C:\Program Files\dotnet\sdk\9.0.201\Microsoft.Common.CurrentVersion.targets(5063,5): warning MSB3026: Could not copy "C:\Users\JackyLoh716\Desktop\Y4S2_FYP\vega-backend\src\Shared\CleanArc.SharedKernel\bin\Debug\net8.0\CleanArc.SharedKernel.dll" to "bin\Debug\net8.0\CleanArc.SharedKernel.dll". Beginning retry 4 in 1000ms. The process cannot access the file 'C:\Users\JackyLoh716\Desktop\Y4S2_FYP\vega-backend\src\API\CleanArc.Web.Api\bin\Debug\net8.0\CleanArc.SharedKernel.dll' because it is being used by another process. The file is locked by: "CleanArc.Web.Api (9460)" [C:\Users\JackyLoh716\Desktop\Y4S2_FYP\vega-backend\src\API\CleanArc.Web.Api\CleanArc.Web.Api.csproj]
C:\Program Files\dotnet\sdk\9.0.201\Microsoft.Common.CurrentVersion.targets(5063,5): warning MSB3026: Could not copy "C:\Users\JackyLoh716\Desktop\Y4S2_FYP\vega-backend\src\Infrastructure\CleanArc.Infrastructure.Persistence\bin\Debug\net8.0\CleanArc.Infrastructure.Persistence.dll" to "bin\Debug\net8.0\CleanArc.Infrastructure.Persistence.dll". Beginning retry 4 in 1000ms. The process cannot access the file 'C:\Users\JackyLoh716\Desktop\Y4S2_FYP\vega-backend\src\API\CleanArc.Web.Api\bin\Debug\net8.0\CleanArc.Infrastructure.Persistence.dll' because it is being used by another process. The file is locked by: "CleanArc.Web.Api (9460)" [C:\Users\JackyLoh716\Desktop\Y4S2_FYP\vega-backend\src\API\CleanArc.Web.Api\CleanArc.Web.Api.csproj]
C:\Program Files\dotnet\sdk\9.0.201\Microsoft.Common.CurrentVersion.targets(5063,5): warning MSB3026: Could not copy "C:\Users\JackyLoh716\Desktop\Y4S2_FYP\vega-backend\src\Core\CleanArc.Domain\bin\Debug\net8.0\CleanArc.Domain.dll" to "bin\Debug\net8.0\CleanArc.Domain.dll". Beginning retry 4 in 1000ms. The process cannot access the file 'C:\Users\JackyLoh716\Desktop\Y4S2_FYP\vega-backend\src\API\CleanArc.Web.Api\bin\Debug\net8.0\CleanArc.Domain.dll' because it is being used by another process. The file is locked by: "CleanArc.Web.Api (9460)" [C:\Users\JackyLoh716\Desktop\Y4S2_FYP\vega-backend\src\API\CleanArc.Web.Api\CleanArc.Web.Api.csproj]
C:\Program Files\dotnet\sdk\9.0.201\Microsoft.Common.CurrentVersion.targets(5063,5): warning MSB3026: Could not copy "C:\Users\JackyLoh716\Desktop\Y4S2_FYP\vega-backend\src\Core\CleanArc.Application\bin\Debug\net8.0\CleanArc.Application.dll" to "bin\Debug\net8.0\CleanArc.Application.dll". Beginning retry 5 in 1000ms. The process cannot access the file 'C:\Users\JackyLoh716\Desktop\Y4S2_FYP\vega-backend\src\API\CleanArc.Web.Api\bin\Debug\net8.0\CleanArc.Application.dll' because it is being used by another process. The file is locked by: "CleanArc.Web.Api (9460)" [C:\Users\JackyLoh716\Desktop\Y4S2_FYP\vega-backend\src\API\CleanArc.Web.Api\CleanArc.Web.Api.csproj]
C:\Program Files\dotnet\sdk\9.0.201\Microsoft.Common.CurrentVersion.targets(5063,5): warning MSB3026: Could not copy "C:\Users\JackyLoh716\Desktop\Y4S2_FYP\vega-backend\src\Infrastructure\CleanArc.Infrastructure.CrossCutting\bin\Debug\net8.0\CleanArc.Infrastructure.CrossCutting.dll" to "bin\Debug\net8.0\CleanArc.Infrastructure.CrossCutting.dll". Beginning retry 5 in 1000ms. The process cannot access the file 'C:\Users\JackyLoh716\Desktop\Y4S2_FYP\vega-backend\src\API\CleanArc.Web.Api\bin\Debug\net8.0\CleanArc.Infrastructure.CrossCutting.dll' because it is being used by another process. The file is locked by: "CleanArc.Web.Api (9460)" [C:\Users\JackyLoh716\Desktop\Y4S2_FYP\vega-backend\src\API\CleanArc.Web.Api\CleanArc.Web.Api.csproj]
C:\Program Files\dotnet\sdk\9.0.201\Microsoft.Common.CurrentVersion.targets(5063,5): warning MSB3026: Could not copy "C:\Users\JackyLoh716\Desktop\Y4S2_FYP\vega-backend\src\Core\CleanArc.Domain\bin\Debug\net8.0\CleanArc.Domain.dll" to "bin\Debug\net8.0\CleanArc.Domain.dll". Beginning retry 5 in 1000ms. The process cannot access the file 'C:\Users\JackyLoh716\Desktop\Y4S2_FYP\vega-backend\src\API\CleanArc.Web.Api\bin\Debug\net8.0\CleanArc.Domain.dll' because it is being used by another process. The file is locked by: "CleanArc.Web.Api (9460)" [C:\Users\JackyLoh716\Desktop\Y4S2_FYP\vega-backend\src\API\CleanArc.Web.Api\CleanArc.Web.Api.csproj]
C:\Program Files\dotnet\sdk\9.0.201\Microsoft.Common.CurrentVersion.targets(5063,5): warning MSB3026: Could not copy "C:\Users\JackyLoh716\Desktop\Y4S2_FYP\vega-backend\src\Infrastructure\CleanArc.Infrastructure.Persistence\bin\Debug\net8.0\CleanArc.Infrastructure.Persistence.dll" to "bin\Debug\net8.0\CleanArc.Infrastructure.Persistence.dll". Beginning retry 5 in 1000ms. The process cannot access the file 'C:\Users\JackyLoh716\Desktop\Y4S2_FYP\vega-backend\src\API\CleanArc.Web.Api\bin\Debug\net8.0\CleanArc.Infrastructure.Persistence.dll' because it is being used by another process. The file is locked by: "CleanArc.Web.Api (9460)" [C:\Users\JackyLoh716\Desktop\Y4S2_FYP\vega-backend\src\API\CleanArc.Web.Api\CleanArc.Web.Api.csproj]
C:\Program Files\dotnet\sdk\9.0.201\Microsoft.Common.CurrentVersion.targets(5063,5): warning MSB3026: Could not copy "C:\Users\JackyLoh716\Desktop\Y4S2_FYP\vega-backend\src\Shared\CleanArc.SharedKernel\bin\Debug\net8.0\CleanArc.SharedKernel.dll" to "bin\Debug\net8.0\CleanArc.SharedKernel.dll". Beginning retry 5 in 1000ms. The process cannot access the file 'C:\Users\JackyLoh716\Desktop\Y4S2_FYP\vega-backend\src\API\CleanArc.Web.Api\bin\Debug\net8.0\CleanArc.SharedKernel.dll' because it is being used by another process. The file is locked by: "CleanArc.Web.Api (9460)" [C:\Users\JackyLoh716\Desktop\Y4S2_FYP\vega-backend\src\API\CleanArc.Web.Api\CleanArc.Web.Api.csproj]
C:\Program Files\dotnet\sdk\9.0.201\Microsoft.Common.CurrentVersion.targets(5063,5): warning MSB3026: Could not copy "C:\Users\JackyLoh716\Desktop\Y4S2_FYP\vega-backend\src\Infrastructure\CleanArc.Infrastructure.Identity\bin\Debug\net8.0\CleanArc.Infrastructure.Identity.dll" to "bin\Debug\net8.0\CleanArc.Infrastructure.Identity.dll". Beginning retry 5 in 1000ms. The process cannot access the file 'C:\Users\JackyLoh716\Desktop\Y4S2_FYP\vega-backend\src\API\CleanArc.Web.Api\bin\Debug\net8.0\CleanArc.Infrastructure.Identity.dll' because it is being used by another process. The file is locked by: "CleanArc.Web.Api (9460)" [C:\Users\JackyLoh716\Desktop\Y4S2_FYP\vega-backend\src\API\CleanArc.Web.Api\CleanArc.Web.Api.csproj]
C:\Program Files\dotnet\sdk\9.0.201\Microsoft.Common.CurrentVersion.targets(5063,5): warning MSB3026: Could not copy "C:\Users\JackyLoh716\Desktop\Y4S2_FYP\vega-backend\src\Core\CleanArc.Application\bin\Debug\net8.0\CleanArc.Application.dll" to "bin\Debug\net8.0\CleanArc.Application.dll". Beginning retry 6 in 1000ms. The process cannot access the file 'C:\Users\JackyLoh716\Desktop\Y4S2_FYP\vega-backend\src\API\CleanArc.Web.Api\bin\Debug\net8.0\CleanArc.Application.dll' because it is being used by another process. The file is locked by: "CleanArc.Web.Api (9460)" [C:\Users\JackyLoh716\Desktop\Y4S2_FYP\vega-backend\src\API\CleanArc.Web.Api\CleanArc.Web.Api.csproj]
C:\Program Files\dotnet\sdk\9.0.201\Microsoft.Common.CurrentVersion.targets(5063,5): warning MSB3026: Could not copy "C:\Users\JackyLoh716\Desktop\Y4S2_FYP\vega-backend\src\Shared\CleanArc.SharedKernel\bin\Debug\net8.0\CleanArc.SharedKernel.dll" to "bin\Debug\net8.0\CleanArc.SharedKernel.dll". Beginning retry 6 in 1000ms. The process cannot access the file 'C:\Users\JackyLoh716\Desktop\Y4S2_FYP\vega-backend\src\API\CleanArc.Web.Api\bin\Debug\net8.0\CleanArc.SharedKernel.dll' because it is being used by another process. The file is locked by: "CleanArc.Web.Api (9460)" [C:\Users\JackyLoh716\Desktop\Y4S2_FYP\vega-backend\src\API\CleanArc.Web.Api\CleanArc.Web.Api.csproj]
C:\Program Files\dotnet\sdk\9.0.201\Microsoft.Common.CurrentVersion.targets(5063,5): warning MSB3026: Could not copy "C:\Users\JackyLoh716\Desktop\Y4S2_FYP\vega-backend\src\Core\CleanArc.Domain\bin\Debug\net8.0\CleanArc.Domain.dll" to "bin\Debug\net8.0\CleanArc.Domain.dll". Beginning retry 6 in 1000ms. The process cannot access the file 'C:\Users\JackyLoh716\Desktop\Y4S2_FYP\vega-backend\src\API\CleanArc.Web.Api\bin\Debug\net8.0\CleanArc.Domain.dll' because it is being used by another process. The file is locked by: "CleanArc.Web.Api (9460)" [C:\Users\JackyLoh716\Desktop\Y4S2_FYP\vega-backend\src\API\CleanArc.Web.Api\CleanArc.Web.Api.csproj]
C:\Program Files\dotnet\sdk\9.0.201\Microsoft.Common.CurrentVersion.targets(5063,5): warning MSB3026: Could not copy "C:\Users\JackyLoh716\Desktop\Y4S2_FYP\vega-backend\src\Infrastructure\CleanArc.Infrastructure.CrossCutting\bin\Debug\net8.0\CleanArc.Infrastructure.CrossCutting.dll" to "bin\Debug\net8.0\CleanArc.Infrastructure.CrossCutting.dll". Beginning retry 6 in 1000ms. The process cannot access the file 'C:\Users\JackyLoh716\Desktop\Y4S2_FYP\vega-backend\src\API\CleanArc.Web.Api\bin\Debug\net8.0\CleanArc.Infrastructure.CrossCutting.dll' because it is being used by another process. The file is locked by: "CleanArc.Web.Api (9460)" [C:\Users\JackyLoh716\Desktop\Y4S2_FYP\vega-backend\src\API\CleanArc.Web.Api\CleanArc.Web.Api.csproj]
C:\Program Files\dotnet\sdk\9.0.201\Microsoft.Common.CurrentVersion.targets(5063,5): warning MSB3026: Could not copy "C:\Users\JackyLoh716\Desktop\Y4S2_FYP\vega-backend\src\Infrastructure\CleanArc.Infrastructure.Persistence\bin\Debug\net8.0\CleanArc.Infrastructure.Persistence.dll" to "bin\Debug\net8.0\CleanArc.Infrastructure.Persistence.dll". Beginning retry 6 in 1000ms. The process cannot access the file 'C:\Users\JackyLoh716\Desktop\Y4S2_FYP\vega-backend\src\API\CleanArc.Web.Api\bin\Debug\net8.0\CleanArc.Infrastructure.Persistence.dll' because it is being used by another process. The file is locked by: "CleanArc.Web.Api (9460)" [C:\Users\JackyLoh716\Desktop\Y4S2_FYP\vega-backend\src\API\CleanArc.Web.Api\CleanArc.Web.Api.csproj]
C:\Program Files\dotnet\sdk\9.0.201\Microsoft.Common.CurrentVersion.targets(5063,5): warning MSB3026: Could not copy "C:\Users\JackyLoh716\Desktop\Y4S2_FYP\vega-backend\src\Infrastructure\CleanArc.Infrastructure.Identity\bin\Debug\net8.0\CleanArc.Infrastructure.Identity.dll" to "bin\Debug\net8.0\CleanArc.Infrastructure.Identity.dll". Beginning retry 6 in 1000ms. The process cannot access the file 'C:\Users\JackyLoh716\Desktop\Y4S2_FYP\vega-backend\src\API\CleanArc.Web.Api\bin\Debug\net8.0\CleanArc.Infrastructure.Identity.dll' because it is being used by another process. The file is locked by: "CleanArc.Web.Api (9460)" [C:\Users\JackyLoh716\Desktop\Y4S2_FYP\vega-backend\src\API\CleanArc.Web.Api\CleanArc.Web.Api.csproj]
C:\Program Files\dotnet\sdk\9.0.201\Microsoft.Common.CurrentVersion.targets(5063,5): warning MSB3026: Could not copy "C:\Users\JackyLoh716\Desktop\Y4S2_FYP\vega-backend\src\Core\CleanArc.Application\bin\Debug\net8.0\CleanArc.Application.dll" to "bin\Debug\net8.0\CleanArc.Application.dll". Beginning retry 7 in 1000ms. The process cannot access the file 'C:\Users\JackyLoh716\Desktop\Y4S2_FYP\vega-backend\src\API\CleanArc.Web.Api\bin\Debug\net8.0\CleanArc.Application.dll' because it is being used by another process. The file is locked by: "CleanArc.Web.Api (9460)" [C:\Users\JackyLoh716\Desktop\Y4S2_FYP\vega-backend\src\API\CleanArc.Web.Api\CleanArc.Web.Api.csproj]
C:\Program Files\dotnet\sdk\9.0.201\Microsoft.Common.CurrentVersion.targets(5063,5): warning MSB3026: Could not copy "C:\Users\JackyLoh716\Desktop\Y4S2_FYP\vega-backend\src\Core\CleanArc.Domain\bin\Debug\net8.0\CleanArc.Domain.dll" to "bin\Debug\net8.0\CleanArc.Domain.dll". Beginning retry 7 in 1000ms. The process cannot access the file 'C:\Users\JackyLoh716\Desktop\Y4S2_FYP\vega-backend\src\API\CleanArc.Web.Api\bin\Debug\net8.0\CleanArc.Domain.dll' because it is being used by another process. The file is locked by: "CleanArc.Web.Api (9460)" [C:\Users\JackyLoh716\Desktop\Y4S2_FYP\vega-backend\src\API\CleanArc.Web.Api\CleanArc.Web.Api.csproj]
C:\Program Files\dotnet\sdk\9.0.201\Microsoft.Common.CurrentVersion.targets(5063,5): warning MSB3026: Could not copy "C:\Users\JackyLoh716\Desktop\Y4S2_FYP\vega-backend\src\Shared\CleanArc.SharedKernel\bin\Debug\net8.0\CleanArc.SharedKernel.dll" to "bin\Debug\net8.0\CleanArc.SharedKernel.dll". Beginning retry 7 in 1000ms. The process cannot access the file 'C:\Users\JackyLoh716\Desktop\Y4S2_FYP\vega-backend\src\API\CleanArc.Web.Api\bin\Debug\net8.0\CleanArc.SharedKernel.dll' because it is being used by another process. The file is locked by: "CleanArc.Web.Api (9460)" [C:\Users\JackyLoh716\Desktop\Y4S2_FYP\vega-backend\src\API\CleanArc.Web.Api\CleanArc.Web.Api.csproj]
C:\Program Files\dotnet\sdk\9.0.201\Microsoft.Common.CurrentVersion.targets(5063,5): warning MSB3026: Could not copy "C:\Users\JackyLoh716\Desktop\Y4S2_FYP\vega-backend\src\Infrastructure\CleanArc.Infrastructure.CrossCutting\bin\Debug\net8.0\CleanArc.Infrastructure.CrossCutting.dll" to "bin\Debug\net8.0\CleanArc.Infrastructure.CrossCutting.dll". Beginning retry 7 in 1000ms. The process cannot access the file 'C:\Users\JackyLoh716\Desktop\Y4S2_FYP\vega-backend\src\API\CleanArc.Web.Api\bin\Debug\net8.0\CleanArc.Infrastructure.CrossCutting.dll' because it is being used by another process. The file is locked by: "CleanArc.Web.Api (9460)" [C:\Users\JackyLoh716\Desktop\Y4S2_FYP\vega-backend\src\API\CleanArc.Web.Api\CleanArc.Web.Api.csproj]
C:\Program Files\dotnet\sdk\9.0.201\Microsoft.Common.CurrentVersion.targets(5063,5): warning MSB3026: Could not copy "C:\Users\JackyLoh716\Desktop\Y4S2_FYP\vega-backend\src\Infrastructure\CleanArc.Infrastructure.Persistence\bin\Debug\net8.0\CleanArc.Infrastructure.Persistence.dll" to "bin\Debug\net8.0\CleanArc.Infrastructure.Persistence.dll". Beginning retry 7 in 1000ms. The process cannot access the file 'C:\Users\JackyLoh716\Desktop\Y4S2_FYP\vega-backend\src\API\CleanArc.Web.Api\bin\Debug\net8.0\CleanArc.Infrastructure.Persistence.dll' because it is being used by another process. The file is locked by: "CleanArc.Web.Api (9460)" [C:\Users\JackyLoh716\Desktop\Y4S2_FYP\vega-backend\src\API\CleanArc.Web.Api\CleanArc.Web.Api.csproj]
C:\Program Files\dotnet\sdk\9.0.201\Microsoft.Common.CurrentVersion.targets(5063,5): warning MSB3026: Could not copy "C:\Users\JackyLoh716\Desktop\Y4S2_FYP\vega-backend\src\Infrastructure\CleanArc.Infrastructure.Identity\bin\Debug\net8.0\CleanArc.Infrastructure.Identity.dll" to "bin\Debug\net8.0\CleanArc.Infrastructure.Identity.dll". Beginning retry 7 in 1000ms. The process cannot access the file 'C:\Users\JackyLoh716\Desktop\Y4S2_FYP\vega-backend\src\API\CleanArc.Web.Api\bin\Debug\net8.0\CleanArc.Infrastructure.Identity.dll' because it is being used by another process. The file is locked by: "CleanArc.Web.Api (9460)" [C:\Users\JackyLoh716\Desktop\Y4S2_FYP\vega-backend\src\API\CleanArc.Web.Api\CleanArc.Web.Api.csproj]
C:\Program Files\dotnet\sdk\9.0.201\Microsoft.Common.CurrentVersion.targets(5063,5): warning MSB3026: Could not copy "C:\Users\JackyLoh716\Desktop\Y4S2_FYP\vega-backend\src\Core\CleanArc.Application\bin\Debug\net8.0\CleanArc.Application.dll" to "bin\Debug\net8.0\CleanArc.Application.dll". Beginning retry 8 in 1000ms. The process cannot access the file 'C:\Users\JackyLoh716\Desktop\Y4S2_FYP\vega-backend\src\API\CleanArc.Web.Api\bin\Debug\net8.0\CleanArc.Application.dll' because it is being used by another process. The file is locked by: "CleanArc.Web.Api (9460)" [C:\Users\JackyLoh716\Desktop\Y4S2_FYP\vega-backend\src\API\CleanArc.Web.Api\CleanArc.Web.Api.csproj]
C:\Program Files\dotnet\sdk\9.0.201\Microsoft.Common.CurrentVersion.targets(5063,5): warning MSB3026: Could not copy "C:\Users\JackyLoh716\Desktop\Y4S2_FYP\vega-backend\src\Infrastructure\CleanArc.Infrastructure.Identity\bin\Debug\net8.0\CleanArc.Infrastructure.Identity.dll" to "bin\Debug\net8.0\CleanArc.Infrastructure.Identity.dll". Beginning retry 8 in 1000ms. The process cannot access the file 'C:\Users\JackyLoh716\Desktop\Y4S2_FYP\vega-backend\src\API\CleanArc.Web.Api\bin\Debug\net8.0\CleanArc.Infrastructure.Identity.dll' because it is being used by another process. The file is locked by: "CleanArc.Web.Api (9460)" [C:\Users\JackyLoh716\Desktop\Y4S2_FYP\vega-backend\src\API\CleanArc.Web.Api\CleanArc.Web.Api.csproj]
C:\Program Files\dotnet\sdk\9.0.201\Microsoft.Common.CurrentVersion.targets(5063,5): warning MSB3026: Could not copy "C:\Users\JackyLoh716\Desktop\Y4S2_FYP\vega-backend\src\Shared\CleanArc.SharedKernel\bin\Debug\net8.0\CleanArc.SharedKernel.dll" to "bin\Debug\net8.0\CleanArc.SharedKernel.dll". Beginning retry 8 in 1000ms. The process cannot access the file 'C:\Users\JackyLoh716\Desktop\Y4S2_FYP\vega-backend\src\API\CleanArc.Web.Api\bin\Debug\net8.0\CleanArc.SharedKernel.dll' because it is being used by another process. The file is locked by: "CleanArc.Web.Api (9460)" [C:\Users\JackyLoh716\Desktop\Y4S2_FYP\vega-backend\src\API\CleanArc.Web.Api\CleanArc.Web.Api.csproj]
C:\Program Files\dotnet\sdk\9.0.201\Microsoft.Common.CurrentVersion.targets(5063,5): warning MSB3026: Could not copy "C:\Users\JackyLoh716\Desktop\Y4S2_FYP\vega-backend\src\Core\CleanArc.Domain\bin\Debug\net8.0\CleanArc.Domain.dll" to "bin\Debug\net8.0\CleanArc.Domain.dll". Beginning retry 8 in 1000ms. The process cannot access the file 'C:\Users\JackyLoh716\Desktop\Y4S2_FYP\vega-backend\src\API\CleanArc.Web.Api\bin\Debug\net8.0\CleanArc.Domain.dll' because it is being used by another process. The file is locked by: "CleanArc.Web.Api (9460)" [C:\Users\JackyLoh716\Desktop\Y4S2_FYP\vega-backend\src\API\CleanArc.Web.Api\CleanArc.Web.Api.csproj]
C:\Program Files\dotnet\sdk\9.0.201\Microsoft.Common.CurrentVersion.targets(5063,5): warning MSB3026: Could not copy "C:\Users\JackyLoh716\Desktop\Y4S2_FYP\vega-backend\src\Infrastructure\CleanArc.Infrastructure.Persistence\bin\Debug\net8.0\CleanArc.Infrastructure.Persistence.dll" to "bin\Debug\net8.0\CleanArc.Infrastructure.Persistence.dll". Beginning retry 8 in 1000ms. The process cannot access the file 'C:\Users\JackyLoh716\Desktop\Y4S2_FYP\vega-backend\src\API\CleanArc.Web.Api\bin\Debug\net8.0\CleanArc.Infrastructure.Persistence.dll' because it is being used by another process. The file is locked by: "CleanArc.Web.Api (9460)" [C:\Users\JackyLoh716\Desktop\Y4S2_FYP\vega-backend\src\API\CleanArc.Web.Api\CleanArc.Web.Api.csproj]
C:\Program Files\dotnet\sdk\9.0.201\Microsoft.Common.CurrentVersion.targets(5063,5): warning MSB3026: Could not copy "C:\Users\JackyLoh716\Desktop\Y4S2_FYP\vega-backend\src\Infrastructure\CleanArc.Infrastructure.CrossCutting\bin\Debug\net8.0\CleanArc.Infrastructure.CrossCutting.dll" to "bin\Debug\net8.0\CleanArc.Infrastructure.CrossCutting.dll". Beginning retry 8 in 1000ms. The process cannot access the file 'C:\Users\JackyLoh716\Desktop\Y4S2_FYP\vega-backend\src\API\CleanArc.Web.Api\bin\Debug\net8.0\CleanArc.Infrastructure.CrossCutting.dll' because it is being used by another process. The file is locked by: "CleanArc.Web.Api (9460)" [C:\Users\JackyLoh716\Desktop\Y4S2_FYP\vega-backend\src\API\CleanArc.Web.Api\CleanArc.Web.Api.csproj]
C:\Program Files\dotnet\sdk\9.0.201\Microsoft.Common.CurrentVersion.targets(5063,5): warning MSB3026: Could not copy "C:\Users\JackyLoh716\Desktop\Y4S2_FYP\vega-backend\src\Core\CleanArc.Application\bin\Debug\net8.0\CleanArc.Application.dll" to "bin\Debug\net8.0\CleanArc.Application.dll". Beginning retry 9 in 1000ms. The process cannot access the file 'C:\Users\JackyLoh716\Desktop\Y4S2_FYP\vega-backend\src\API\CleanArc.Web.Api\bin\Debug\net8.0\CleanArc.Application.dll' because it is being used by another process. The file is locked by: "CleanArc.Web.Api (9460)" [C:\Users\JackyLoh716\Desktop\Y4S2_FYP\vega-backend\src\API\CleanArc.Web.Api\CleanArc.Web.Api.csproj]
C:\Program Files\dotnet\sdk\9.0.201\Microsoft.Common.CurrentVersion.targets(5063,5): warning MSB3026: Could not copy "C:\Users\JackyLoh716\Desktop\Y4S2_FYP\vega-backend\src\Infrastructure\CleanArc.Infrastructure.Identity\bin\Debug\net8.0\CleanArc.Infrastructure.Identity.dll" to "bin\Debug\net8.0\CleanArc.Infrastructure.Identity.dll". Beginning retry 9 in 1000ms. The process cannot access the file 'C:\Users\JackyLoh716\Desktop\Y4S2_FYP\vega-backend\src\API\CleanArc.Web.Api\bin\Debug\net8.0\CleanArc.Infrastructure.Identity.dll' because it is being used by another process. The file is locked by: "CleanArc.Web.Api (9460)" [C:\Users\JackyLoh716\Desktop\Y4S2_FYP\vega-backend\src\API\CleanArc.Web.Api\CleanArc.Web.Api.csproj]
C:\Program Files\dotnet\sdk\9.0.201\Microsoft.Common.CurrentVersion.targets(5063,5): warning MSB3026: Could not copy "C:\Users\JackyLoh716\Desktop\Y4S2_FYP\vega-backend\src\Infrastructure\CleanArc.Infrastructure.Persistence\bin\Debug\net8.0\CleanArc.Infrastructure.Persistence.dll" to "bin\Debug\net8.0\CleanArc.Infrastructure.Persistence.dll". Beginning retry 9 in 1000ms. The process cannot access the file 'C:\Users\JackyLoh716\Desktop\Y4S2_FYP\vega-backend\src\API\CleanArc.Web.Api\bin\Debug\net8.0\CleanArc.Infrastructure.Persistence.dll' because it is being used by another process. The file is locked by: "CleanArc.Web.Api (9460)" [C:\Users\JackyLoh716\Desktop\Y4S2_FYP\vega-backend\src\API\CleanArc.Web.Api\CleanArc.Web.Api.csproj]
C:\Program Files\dotnet\sdk\9.0.201\Microsoft.Common.CurrentVersion.targets(5063,5): warning MSB3026: Could not copy "C:\Users\JackyLoh716\Desktop\Y4S2_FYP\vega-backend\src\Infrastructure\CleanArc.Infrastructure.CrossCutting\bin\Debug\net8.0\CleanArc.Infrastructure.CrossCutting.dll" to "bin\Debug\net8.0\CleanArc.Infrastructure.CrossCutting.dll". Beginning retry 9 in 1000ms. The process cannot access the file 'C:\Users\JackyLoh716\Desktop\Y4S2_FYP\vega-backend\src\API\CleanArc.Web.Api\bin\Debug\net8.0\CleanArc.Infrastructure.CrossCutting.dll' because it is being used by another process. The file is locked by: "CleanArc.Web.Api (9460)" [C:\Users\JackyLoh716\Desktop\Y4S2_FYP\vega-backend\src\API\CleanArc.Web.Api\CleanArc.Web.Api.csproj]
C:\Program Files\dotnet\sdk\9.0.201\Microsoft.Common.CurrentVersion.targets(5063,5): warning MSB3026: Could not copy "C:\Users\JackyLoh716\Desktop\Y4S2_FYP\vega-backend\src\Core\CleanArc.Domain\bin\Debug\net8.0\CleanArc.Domain.dll" to "bin\Debug\net8.0\CleanArc.Domain.dll". Beginning retry 9 in 1000ms. The process cannot access the file 'C:\Users\JackyLoh716\Desktop\Y4S2_FYP\vega-backend\src\API\CleanArc.Web.Api\bin\Debug\net8.0\CleanArc.Domain.dll' because it is being used by another process. The file is locked by: "CleanArc.Web.Api (9460)" [C:\Users\JackyLoh716\Desktop\Y4S2_FYP\vega-backend\src\API\CleanArc.Web.Api\CleanArc.Web.Api.csproj]
C:\Program Files\dotnet\sdk\9.0.201\Microsoft.Common.CurrentVersion.targets(5063,5): warning MSB3026: Could not copy "C:\Users\JackyLoh716\Desktop\Y4S2_FYP\vega-backend\src\Shared\CleanArc.SharedKernel\bin\Debug\net8.0\CleanArc.SharedKernel.dll" to "bin\Debug\net8.0\CleanArc.SharedKernel.dll". Beginning retry 9 in 1000ms. The process cannot access the file 'C:\Users\JackyLoh716\Desktop\Y4S2_FYP\vega-backend\src\API\CleanArc.Web.Api\bin\Debug\net8.0\CleanArc.SharedKernel.dll' because it is being used by another process. The file is locked by: "CleanArc.Web.Api (9460)" [C:\Users\JackyLoh716\Desktop\Y4S2_FYP\vega-backend\src\API\CleanArc.Web.Api\CleanArc.Web.Api.csproj]
C:\Program Files\dotnet\sdk\9.0.201\Microsoft.Common.CurrentVersion.targets(5063,5): warning MSB3026: Could not copy "C:\Users\JackyLoh716\Desktop\Y4S2_FYP\vega-backend\src\Core\CleanArc.Application\bin\Debug\net8.0\CleanArc.Application.dll" to "bin\Debug\net8.0\CleanArc.Application.dll". Beginning retry 10 in 1000ms. The process cannot access the file 'C:\Users\JackyLoh716\Desktop\Y4S2_FYP\vega-backend\src\API\CleanArc.Web.Api\bin\Debug\net8.0\CleanArc.Application.dll' because it is being used by another process. The file is locked by: "CleanArc.Web.Api (9460)" [C:\Users\JackyLoh716\Desktop\Y4S2_FYP\vega-backend\src\API\CleanArc.Web.Api\CleanArc.Web.Api.csproj]
C:\Program Files\dotnet\sdk\9.0.201\Microsoft.Common.CurrentVersion.targets(5063,5): warning MSB3026: Could not copy "C:\Users\JackyLoh716\Desktop\Y4S2_FYP\vega-backend\src\Infrastructure\CleanArc.Infrastructure.Identity\bin\Debug\net8.0\CleanArc.Infrastructure.Identity.dll" to "bin\Debug\net8.0\CleanArc.Infrastructure.Identity.dll". Beginning retry 10 in 1000ms. The process cannot access the file 'C:\Users\JackyLoh716\Desktop\Y4S2_FYP\vega-backend\src\API\CleanArc.Web.Api\bin\Debug\net8.0\CleanArc.Infrastructure.Identity.dll' because it is being used by another process. The file is locked by: "CleanArc.Web.Api (9460)" [C:\Users\JackyLoh716\Desktop\Y4S2_FYP\vega-backend\src\API\CleanArc.Web.Api\CleanArc.Web.Api.csproj]
C:\Program Files\dotnet\sdk\9.0.201\Microsoft.Common.CurrentVersion.targets(5063,5): warning MSB3026: Could not copy "C:\Users\JackyLoh716\Desktop\Y4S2_FYP\vega-backend\src\Shared\CleanArc.SharedKernel\bin\Debug\net8.0\CleanArc.SharedKernel.dll" to "bin\Debug\net8.0\CleanArc.SharedKernel.dll". Beginning retry 10 in 1000ms. The process cannot access the file 'C:\Users\JackyLoh716\Desktop\Y4S2_FYP\vega-backend\src\API\CleanArc.Web.Api\bin\Debug\net8.0\CleanArc.SharedKernel.dll' because it is being used by another process. The file is locked by: "CleanArc.Web.Api (9460)" [C:\Users\JackyLoh716\Desktop\Y4S2_FYP\vega-backend\src\API\CleanArc.Web.Api\CleanArc.Web.Api.csproj]
C:\Program Files\dotnet\sdk\9.0.201\Microsoft.Common.CurrentVersion.targets(5063,5): warning MSB3026: Could not copy "C:\Users\JackyLoh716\Desktop\Y4S2_FYP\vega-backend\src\Core\CleanArc.Domain\bin\Debug\net8.0\CleanArc.Domain.dll" to "bin\Debug\net8.0\CleanArc.Domain.dll". Beginning retry 10 in 1000ms. The process cannot access the file 'C:\Users\JackyLoh716\Desktop\Y4S2_FYP\vega-backend\src\API\CleanArc.Web.Api\bin\Debug\net8.0\CleanArc.Domain.dll' because it is being used by another process. The file is locked by: "CleanArc.Web.Api (9460)" [C:\Users\JackyLoh716\Desktop\Y4S2_FYP\vega-backend\src\API\CleanArc.Web.Api\CleanArc.Web.Api.csproj]
C:\Program Files\dotnet\sdk\9.0.201\Microsoft.Common.CurrentVersion.targets(5063,5): warning MSB3026: Could not copy "C:\Users\JackyLoh716\Desktop\Y4S2_FYP\vega-backend\src\Infrastructure\CleanArc.Infrastructure.Persistence\bin\Debug\net8.0\CleanArc.Infrastructure.Persistence.dll" to "bin\Debug\net8.0\CleanArc.Infrastructure.Persistence.dll". Beginning retry 10 in 1000ms. The process cannot access the file 'C:\Users\JackyLoh716\Desktop\Y4S2_FYP\vega-backend\src\API\CleanArc.Web.Api\bin\Debug\net8.0\CleanArc.Infrastructure.Persistence.dll' because it is being used by another process. The file is locked by: "CleanArc.Web.Api (9460)" [C:\Users\JackyLoh716\Desktop\Y4S2_FYP\vega-backend\src\API\CleanArc.Web.Api\CleanArc.Web.Api.csproj]
C:\Program Files\dotnet\sdk\9.0.201\Microsoft.Common.CurrentVersion.targets(5063,5): warning MSB3026: Could not copy "C:\Users\JackyLoh716\Desktop\Y4S2_FYP\vega-backend\src\Infrastructure\CleanArc.Infrastructure.CrossCutting\bin\Debug\net8.0\CleanArc.Infrastructure.CrossCutting.dll" to "bin\Debug\net8.0\CleanArc.Infrastructure.CrossCutting.dll". Beginning retry 10 in 1000ms. The process cannot access the file 'C:\Users\JackyLoh716\Desktop\Y4S2_FYP\vega-backend\src\API\CleanArc.Web.Api\bin\Debug\net8.0\CleanArc.Infrastructure.CrossCutting.dll' because it is being used by another process. The file is locked by: "CleanArc.Web.Api (9460)" [C:\Users\JackyLoh716\Desktop\Y4S2_FYP\vega-backend\src\API\CleanArc.Web.Api\CleanArc.Web.Api.csproj]
C:\Program Files\dotnet\sdk\9.0.201\Microsoft.Common.CurrentVersion.targets(5063,5): error MSB3027: Could not copy "C:\Users\JackyLoh716\Desktop\Y4S2_FYP\vega-backend\src\Core\CleanArc.Application\bin\Debug\net8.0\CleanArc.Application.dll" to "bin\Debug\net8.0\CleanArc.Application.dll". Exceeded retry count of 10. Failed. The file is locked by: "CleanArc.Web.Api (9460)" [C:\Users\JackyLoh716\Desktop\Y4S2_FYP\vega-backend\src\API\CleanArc.Web.Api\CleanArc.Web.Api.csproj]
C:\Program Files\dotnet\sdk\9.0.201\Microsoft.Common.CurrentVersion.targets(5063,5): error MSB3021: Unable to copy file "C:\Users\JackyLoh716\Desktop\Y4S2_FYP\vega-backend\src\Core\CleanArc.Application\bin\Debug\net8.0\CleanArc.Application.dll" to "bin\Debug\net8.0\CleanArc.Application.dll". The process cannot access the file 'C:\Users\JackyLoh716\Desktop\Y4S2_FYP\vega-backend\src\API\CleanArc.Web.Api\bin\Debug\net8.0\CleanArc.Application.dll' because it is being used by another process. [C:\Users\JackyLoh716\Desktop\Y4S2_FYP\vega-backend\src\API\CleanArc.Web.Api\CleanArc.Web.Api.csproj]
C:\Program Files\dotnet\sdk\9.0.201\Microsoft.Common.CurrentVersion.targets(5063,5): warning MSB3026: Could not copy "C:\Users\JackyLoh716\Desktop\Y4S2_FYP\vega-backend\src\API\Plugins\CleanArc.Web.Plugins.Grpc\bin\Debug\net8.0\CleanArc.Web.Plugins.Grpc.dll" to "bin\Debug\net8.0\CleanArc.Web.Plugins.Grpc.dll". Beginning retry 1 in 1000ms. The process cannot access the file 'C:\Users\JackyLoh716\Desktop\Y4S2_FYP\vega-backend\src\API\CleanArc.Web.Api\bin\Debug\net8.0\CleanArc.Web.Plugins.Grpc.dll' because it is being used by another process. The file is locked by: "CleanArc.Web.Api (9460)" [C:\Users\JackyLoh716\Desktop\Y4S2_FYP\vega-backend\src\API\CleanArc.Web.Api\CleanArc.Web.Api.csproj]
C:\Program Files\dotnet\sdk\9.0.201\Microsoft.Common.CurrentVersion.targets(5063,5): error MSB3027: Could not copy "C:\Users\JackyLoh716\Desktop\Y4S2_FYP\vega-backend\src\Infrastructure\CleanArc.Infrastructure.Identity\bin\Debug\net8.0\CleanArc.Infrastructure.Identity.dll" to "bin\Debug\net8.0\CleanArc.Infrastructure.Identity.dll". Exceeded retry count of 10. Failed. The file is locked by: "CleanArc.Web.Api (9460)" [C:\Users\JackyLoh716\Desktop\Y4S2_FYP\vega-backend\src\API\CleanArc.Web.Api\CleanArc.Web.Api.csproj]
C:\Program Files\dotnet\sdk\9.0.201\Microsoft.Common.CurrentVersion.targets(5063,5): error MSB3021: Unable to copy file "C:\Users\JackyLoh716\Desktop\Y4S2_FYP\vega-backend\src\Infrastructure\CleanArc.Infrastructure.Identity\bin\Debug\net8.0\CleanArc.Infrastructure.Identity.dll" to "bin\Debug\net8.0\CleanArc.Infrastructure.Identity.dll". The process cannot access the file 'C:\Users\JackyLoh716\Desktop\Y4S2_FYP\vega-backend\src\API\CleanArc.Web.Api\bin\Debug\net8.0\CleanArc.Infrastructure.Identity.dll' because it is being used by another process. [C:\Users\JackyLoh716\Desktop\Y4S2_FYP\vega-backend\src\API\CleanArc.Web.Api\CleanArc.Web.Api.csproj]
C:\Program Files\dotnet\sdk\9.0.201\Microsoft.Common.CurrentVersion.targets(5063,5): error MSB3027: Could not copy "C:\Users\JackyLoh716\Desktop\Y4S2_FYP\vega-backend\src\Core\CleanArc.Domain\bin\Debug\net8.0\CleanArc.Domain.dll" to "bin\Debug\net8.0\CleanArc.Domain.dll". Exceeded retry count of 10. Failed. The file is locked by: "CleanArc.Web.Api (9460)" [C:\Users\JackyLoh716\Desktop\Y4S2_FYP\vega-backend\src\API\CleanArc.Web.Api\CleanArc.Web.Api.csproj]
C:\Program Files\dotnet\sdk\9.0.201\Microsoft.Common.CurrentVersion.targets(5063,5): error MSB3021: Unable to copy file "C:\Users\JackyLoh716\Desktop\Y4S2_FYP\vega-backend\src\Core\CleanArc.Domain\bin\Debug\net8.0\CleanArc.Domain.dll" to "bin\Debug\net8.0\CleanArc.Domain.dll". The process cannot access the file 'C:\Users\JackyLoh716\Desktop\Y4S2_FYP\vega-backend\src\API\CleanArc.Web.Api\bin\Debug\net8.0\CleanArc.Domain.dll' because it is being used by another process. [C:\Users\JackyLoh716\Desktop\Y4S2_FYP\vega-backend\src\API\CleanArc.Web.Api\CleanArc.Web.Api.csproj]
C:\Program Files\dotnet\sdk\9.0.201\Microsoft.Common.CurrentVersion.targets(5063,5): error MSB3027: Could not copy "C:\Users\JackyLoh716\Desktop\Y4S2_FYP\vega-backend\src\Shared\CleanArc.SharedKernel\bin\Debug\net8.0\CleanArc.SharedKernel.dll" to "bin\Debug\net8.0\CleanArc.SharedKernel.dll". Exceeded retry count of 10. Failed. The file is locked by: "CleanArc.Web.Api (9460)" [C:\Users\JackyLoh716\Desktop\Y4S2_FYP\vega-backend\src\API\CleanArc.Web.Api\CleanArc.Web.Api.csproj]
C:\Program Files\dotnet\sdk\9.0.201\Microsoft.Common.CurrentVersion.targets(5063,5): error MSB3021: Unable to copy file "C:\Users\JackyLoh716\Desktop\Y4S2_FYP\vega-backend\src\Shared\CleanArc.SharedKernel\bin\Debug\net8.0\CleanArc.SharedKernel.dll" to "bin\Debug\net8.0\CleanArc.SharedKernel.dll". The process cannot access the file 'C:\Users\JackyLoh716\Desktop\Y4S2_FYP\vega-backend\src\API\CleanArc.Web.Api\bin\Debug\net8.0\CleanArc.SharedKernel.dll' because it is being used by another process. [C:\Users\JackyLoh716\Desktop\Y4S2_FYP\vega-backend\src\API\CleanArc.Web.Api\CleanArc.Web.Api.csproj]
C:\Program Files\dotnet\sdk\9.0.201\Microsoft.Common.CurrentVersion.targets(5063,5): error MSB3027: Could not copy "C:\Users\JackyLoh716\Desktop\Y4S2_FYP\vega-backend\src\Infrastructure\CleanArc.Infrastructure.Persistence\bin\Debug\net8.0\CleanArc.Infrastructure.Persistence.dll" to "bin\Debug\net8.0\CleanArc.Infrastructure.Persistence.dll". Exceeded retry count of 10. Failed. The file is locked by: "CleanArc.Web.Api (9460)" [C:\Users\JackyLoh716\Desktop\Y4S2_FYP\vega-backend\src\API\CleanArc.Web.Api\CleanArc.Web.Api.csproj]
C:\Program Files\dotnet\sdk\9.0.201\Microsoft.Common.CurrentVersion.targets(5063,5): error MSB3021: Unable to copy file "C:\Users\JackyLoh716\Desktop\Y4S2_FYP\vega-backend\src\Infrastructure\CleanArc.Infrastructure.Persistence\bin\Debug\net8.0\CleanArc.Infrastructure.Persistence.dll" to "bin\Debug\net8.0\CleanArc.Infrastructure.Persistence.dll". The process cannot access the file 'C:\Users\JackyLoh716\Desktop\Y4S2_FYP\vega-backend\src\API\CleanArc.Web.Api\bin\Debug\net8.0\CleanArc.Infrastructure.Persistence.dll' because it is being used by another process. [C:\Users\JackyLoh716\Desktop\Y4S2_FYP\vega-backend\src\API\CleanArc.Web.Api\CleanArc.Web.Api.csproj]
C:\Program Files\dotnet\sdk\9.0.201\Microsoft.Common.CurrentVersion.targets(5063,5): error MSB3027: Could not copy "C:\Users\JackyLoh716\Desktop\Y4S2_FYP\vega-backend\src\Infrastructure\CleanArc.Infrastructure.CrossCutting\bin\Debug\net8.0\CleanArc.Infrastructure.CrossCutting.dll" to "bin\Debug\net8.0\CleanArc.Infrastructure.CrossCutting.dll". Exceeded retry count of 10. Failed. The file is locked by: "CleanArc.Web.Api (9460)" [C:\Users\JackyLoh716\Desktop\Y4S2_FYP\vega-backend\src\API\CleanArc.Web.Api\CleanArc.Web.Api.csproj]
C:\Program Files\dotnet\sdk\9.0.201\Microsoft.Common.CurrentVersion.targets(5063,5): error MSB3021: Unable to copy file "C:\Users\JackyLoh716\Desktop\Y4S2_FYP\vega-backend\src\Infrastructure\CleanArc.Infrastructure.CrossCutting\bin\Debug\net8.0\CleanArc.Infrastructure.CrossCutting.dll" to "bin\Debug\net8.0\CleanArc.Infrastructure.CrossCutting.dll". The process cannot access the file 'C:\Users\JackyLoh716\Desktop\Y4S2_FYP\vega-backend\src\API\CleanArc.Web.Api\bin\Debug\net8.0\CleanArc.Infrastructure.CrossCutting.dll' because it is being used by another process. [C:\Users\JackyLoh716\Desktop\Y4S2_FYP\vega-backend\src\API\CleanArc.Web.Api\CleanArc.Web.Api.csproj]
C:\Program Files\dotnet\sdk\9.0.201\Microsoft.Common.CurrentVersion.targets(5063,5): warning MSB3026: Could not copy "C:\Users\JackyLoh716\Desktop\Y4S2_FYP\vega-backend\src\API\CleanArc.WebFramework\bin\Debug\net8.0\CleanArc.WebFramework.dll" to "bin\Debug\net8.0\CleanArc.WebFramework.dll". Beginning retry 1 in 1000ms. The process cannot access the file 'C:\Users\JackyLoh716\Desktop\Y4S2_FYP\vega-backend\src\API\CleanArc.Web.Api\bin\Debug\net8.0\CleanArc.WebFramework.dll' because it is being used by another process. The file is locked by: "CleanArc.Web.Api (9460)" [C:\Users\JackyLoh716\Desktop\Y4S2_FYP\vega-backend\src\API\CleanArc.Web.Api\CleanArc.Web.Api.csproj]
C:\Program Files\dotnet\sdk\9.0.201\Microsoft.Common.CurrentVersion.targets(5063,5): warning MSB3026: Could not copy "C:\Users\JackyLoh716\Desktop\Y4S2_FYP\vega-backend\src\API\Plugins\CleanArc.Web.Plugins.Grpc\bin\Debug\net8.0\CleanArc.Web.Plugins.Grpc.dll" to "bin\Debug\net8.0\CleanArc.Web.Plugins.Grpc.dll". Beginning retry 2 in 1000ms. The process cannot access the file 'C:\Users\JackyLoh716\Desktop\Y4S2_FYP\vega-backend\src\API\CleanArc.Web.Api\bin\Debug\net8.0\CleanArc.Web.Plugins.Grpc.dll' because it is being used by another process. The file is locked by: "CleanArc.Web.Api (9460)" [C:\Users\JackyLoh716\Desktop\Y4S2_FYP\vega-backend\src\API\CleanArc.Web.Api\CleanArc.Web.Api.csproj]
C:\Program Files\dotnet\sdk\9.0.201\Microsoft.Common.CurrentVersion.targets(5063,5): warning MSB3026: Could not copy "C:\Users\JackyLoh716\Desktop\Y4S2_FYP\vega-backend\src\API\CleanArc.WebFramework\bin\Debug\net8.0\CleanArc.WebFramework.dll" to "bin\Debug\net8.0\CleanArc.WebFramework.dll". Beginning retry 2 in 1000ms. The process cannot access the file 'C:\Users\JackyLoh716\Desktop\Y4S2_FYP\vega-backend\src\API\CleanArc.Web.Api\bin\Debug\net8.0\CleanArc.WebFramework.dll' because it is being used by another process. The file is locked by: "CleanArc.Web.Api (9460)" [C:\Users\JackyLoh716\Desktop\Y4S2_FYP\vega-backend\src\API\CleanArc.Web.Api\CleanArc.Web.Api.csproj]
C:\Program Files\dotnet\sdk\9.0.201\Microsoft.Common.CurrentVersion.targets(5063,5): warning MSB3026: Could not copy "C:\Users\JackyLoh716\Desktop\Y4S2_FYP\vega-backend\src\API\Plugins\CleanArc.Web.Plugins.Grpc\bin\Debug\net8.0\CleanArc.Web.Plugins.Grpc.dll" to "bin\Debug\net8.0\CleanArc.Web.Plugins.Grpc.dll". Beginning retry 3 in 1000ms. The process cannot access the file 'C:\Users\JackyLoh716\Desktop\Y4S2_FYP\vega-backend\src\API\CleanArc.Web.Api\bin\Debug\net8.0\CleanArc.Web.Plugins.Grpc.dll' because it is being used by another process. The file is locked by: "CleanArc.Web.Api (9460)" [C:\Users\JackyLoh716\Desktop\Y4S2_FYP\vega-backend\src\API\CleanArc.Web.Api\CleanArc.Web.Api.csproj]
C:\Program Files\dotnet\sdk\9.0.201\Microsoft.Common.CurrentVersion.targets(5063,5): warning MSB3026: Could not copy "C:\Users\JackyLoh716\Desktop\Y4S2_FYP\vega-backend\src\API\CleanArc.WebFramework\bin\Debug\net8.0\CleanArc.WebFramework.dll" to "bin\Debug\net8.0\CleanArc.WebFramework.dll". Beginning retry 3 in 1000ms. The process cannot access the file 'C:\Users\JackyLoh716\Desktop\Y4S2_FYP\vega-backend\src\API\CleanArc.Web.Api\bin\Debug\net8.0\CleanArc.WebFramework.dll' because it is being used by another process. The file is locked by: "CleanArc.Web.Api (9460)" [C:\Users\JackyLoh716\Desktop\Y4S2_FYP\vega-backend\src\API\CleanArc.Web.Api\CleanArc.Web.Api.csproj]
C:\Program Files\dotnet\sdk\9.0.201\Microsoft.Common.CurrentVersion.targets(5063,5): warning MSB3026: Could not copy "C:\Users\JackyLoh716\Desktop\Y4S2_FYP\vega-backend\src\API\Plugins\CleanArc.Web.Plugins.Grpc\bin\Debug\net8.0\CleanArc.Web.Plugins.Grpc.dll" to "bin\Debug\net8.0\CleanArc.Web.Plugins.Grpc.dll". Beginning retry 4 in 1000ms. The process cannot access the file 'C:\Users\JackyLoh716\Desktop\Y4S2_FYP\vega-backend\src\API\CleanArc.Web.Api\bin\Debug\net8.0\CleanArc.Web.Plugins.Grpc.dll' because it is being used by another process. The file is locked by: "CleanArc.Web.Api (9460)" [C:\Users\JackyLoh716\Desktop\Y4S2_FYP\vega-backend\src\API\CleanArc.Web.Api\CleanArc.Web.Api.csproj]
C:\Program Files\dotnet\sdk\9.0.201\Microsoft.Common.CurrentVersion.targets(5063,5): warning MSB3026: Could not copy "C:\Users\JackyLoh716\Desktop\Y4S2_FYP\vega-backend\src\API\CleanArc.WebFramework\bin\Debug\net8.0\CleanArc.WebFramework.dll" to "bin\Debug\net8.0\CleanArc.WebFramework.dll". Beginning retry 4 in 1000ms. The process cannot access the file 'C:\Users\JackyLoh716\Desktop\Y4S2_FYP\vega-backend\src\API\CleanArc.Web.Api\bin\Debug\net8.0\CleanArc.WebFramework.dll' because it is being used by another process. The file is locked by: "CleanArc.Web.Api (9460)" [C:\Users\JackyLoh716\Desktop\Y4S2_FYP\vega-backend\src\API\CleanArc.Web.Api\CleanArc.Web.Api.csproj]
C:\Program Files\dotnet\sdk\9.0.201\Microsoft.Common.CurrentVersion.targets(5063,5): warning MSB3026: Could not copy "C:\Users\JackyLoh716\Desktop\Y4S2_FYP\vega-backend\src\API\Plugins\CleanArc.Web.Plugins.Grpc\bin\Debug\net8.0\CleanArc.Web.Plugins.Grpc.dll" to "bin\Debug\net8.0\CleanArc.Web.Plugins.Grpc.dll". Beginning retry 5 in 1000ms. The process cannot access the file 'C:\Users\JackyLoh716\Desktop\Y4S2_FYP\vega-backend\src\API\CleanArc.Web.Api\bin\Debug\net8.0\CleanArc.Web.Plugins.Grpc.dll' because it is being used by another process. The file is locked by: "CleanArc.Web.Api (9460)" [C:\Users\JackyLoh716\Desktop\Y4S2_FYP\vega-backend\src\API\CleanArc.Web.Api\CleanArc.Web.Api.csproj]
C:\Program Files\dotnet\sdk\9.0.201\Microsoft.Common.CurrentVersion.targets(5063,5): warning MSB3026: Could not copy "C:\Users\JackyLoh716\Desktop\Y4S2_FYP\vega-backend\src\API\CleanArc.WebFramework\bin\Debug\net8.0\CleanArc.WebFramework.dll" to "bin\Debug\net8.0\CleanArc.WebFramework.dll". Beginning retry 5 in 1000ms. The process cannot access the file 'C:\Users\JackyLoh716\Desktop\Y4S2_FYP\vega-backend\src\API\CleanArc.Web.Api\bin\Debug\net8.0\CleanArc.WebFramework.dll' because it is being used by another process. The file is locked by: "CleanArc.Web.Api (9460)" [C:\Users\JackyLoh716\Desktop\Y4S2_FYP\vega-backend\src\API\CleanArc.Web.Api\CleanArc.Web.Api.csproj]
C:\Program Files\dotnet\sdk\9.0.201\Microsoft.Common.CurrentVersion.targets(5063,5): warning MSB3026: Could not copy "C:\Users\JackyLoh716\Desktop\Y4S2_FYP\vega-backend\src\API\Plugins\CleanArc.Web.Plugins.Grpc\bin\Debug\net8.0\CleanArc.Web.Plugins.Grpc.dll" to "bin\Debug\net8.0\CleanArc.Web.Plugins.Grpc.dll". Beginning retry 6 in 1000ms. The process cannot access the file 'C:\Users\JackyLoh716\Desktop\Y4S2_FYP\vega-backend\src\API\CleanArc.Web.Api\bin\Debug\net8.0\CleanArc.Web.Plugins.Grpc.dll' because it is being used by another process. The file is locked by: "CleanArc.Web.Api (9460)" [C:\Users\JackyLoh716\Desktop\Y4S2_FYP\vega-backend\src\API\CleanArc.Web.Api\CleanArc.Web.Api.csproj]
C:\Program Files\dotnet\sdk\9.0.201\Microsoft.Common.CurrentVersion.targets(5063,5): warning MSB3026: Could not copy "C:\Users\JackyLoh716\Desktop\Y4S2_FYP\vega-backend\src\API\CleanArc.WebFramework\bin\Debug\net8.0\CleanArc.WebFramework.dll" to "bin\Debug\net8.0\CleanArc.WebFramework.dll". Beginning retry 6 in 1000ms. The process cannot access the file 'C:\Users\JackyLoh716\Desktop\Y4S2_FYP\vega-backend\src\API\CleanArc.Web.Api\bin\Debug\net8.0\CleanArc.WebFramework.dll' because it is being used by another process. The file is locked by: "CleanArc.Web.Api (9460)" [C:\Users\JackyLoh716\Desktop\Y4S2_FYP\vega-backend\src\API\CleanArc.Web.Api\CleanArc.Web.Api.csproj]
C:\Program Files\dotnet\sdk\9.0.201\Microsoft.Common.CurrentVersion.targets(5063,5): warning MSB3026: Could not copy "C:\Users\JackyLoh716\Desktop\Y4S2_FYP\vega-backend\src\API\Plugins\CleanArc.Web.Plugins.Grpc\bin\Debug\net8.0\CleanArc.Web.Plugins.Grpc.dll" to "bin\Debug\net8.0\CleanArc.Web.Plugins.Grpc.dll". Beginning retry 7 in 1000ms. The process cannot access the file 'C:\Users\JackyLoh716\Desktop\Y4S2_FYP\vega-backend\src\API\CleanArc.Web.Api\bin\Debug\net8.0\CleanArc.Web.Plugins.Grpc.dll' because it is being used by another process. The file is locked by: "CleanArc.Web.Api (9460)" [C:\Users\JackyLoh716\Desktop\Y4S2_FYP\vega-backend\src\API\CleanArc.Web.Api\CleanArc.Web.Api.csproj]
C:\Program Files\dotnet\sdk\9.0.201\Microsoft.Common.CurrentVersion.targets(5063,5): warning MSB3026: Could not copy "C:\Users\JackyLoh716\Desktop\Y4S2_FYP\vega-backend\src\API\CleanArc.WebFramework\bin\Debug\net8.0\CleanArc.WebFramework.dll" to "bin\Debug\net8.0\CleanArc.WebFramework.dll". Beginning retry 7 in 1000ms. The process cannot access the file 'C:\Users\JackyLoh716\Desktop\Y4S2_FYP\vega-backend\src\API\CleanArc.Web.Api\bin\Debug\net8.0\CleanArc.WebFramework.dll' because it is being used by another process. The file is locked by: "CleanArc.Web.Api (9460)" [C:\Users\JackyLoh716\Desktop\Y4S2_FYP\vega-backend\src\API\CleanArc.Web.Api\CleanArc.Web.Api.csproj]
C:\Program Files\dotnet\sdk\9.0.201\Microsoft.Common.CurrentVersion.targets(5063,5): warning MSB3026: Could not copy "C:\Users\JackyLoh716\Desktop\Y4S2_FYP\vega-backend\src\API\Plugins\CleanArc.Web.Plugins.Grpc\bin\Debug\net8.0\CleanArc.Web.Plugins.Grpc.dll" to "bin\Debug\net8.0\CleanArc.Web.Plugins.Grpc.dll". Beginning retry 8 in 1000ms. The process cannot access the file 'C:\Users\JackyLoh716\Desktop\Y4S2_FYP\vega-backend\src\API\CleanArc.Web.Api\bin\Debug\net8.0\CleanArc.Web.Plugins.Grpc.dll' because it is being used by another process. The file is locked by: "CleanArc.Web.Api (9460)" [C:\Users\JackyLoh716\Desktop\Y4S2_FYP\vega-backend\src\API\CleanArc.Web.Api\CleanArc.Web.Api.csproj]
C:\Program Files\dotnet\sdk\9.0.201\Microsoft.Common.CurrentVersion.targets(5063,5): warning MSB3026: Could not copy "C:\Users\JackyLoh716\Desktop\Y4S2_FYP\vega-backend\src\API\CleanArc.WebFramework\bin\Debug\net8.0\CleanArc.WebFramework.dll" to "bin\Debug\net8.0\CleanArc.WebFramework.dll". Beginning retry 8 in 1000ms. The process cannot access the file 'C:\Users\JackyLoh716\Desktop\Y4S2_FYP\vega-backend\src\API\CleanArc.Web.Api\bin\Debug\net8.0\CleanArc.WebFramework.dll' because it is being used by another process. The file is locked by: "CleanArc.Web.Api (9460)" [C:\Users\JackyLoh716\Desktop\Y4S2_FYP\vega-backend\src\API\CleanArc.Web.Api\CleanArc.Web.Api.csproj]
C:\Program Files\dotnet\sdk\9.0.201\Microsoft.Common.CurrentVersion.targets(5063,5): warning MSB3026: Could not copy "C:\Users\JackyLoh716\Desktop\Y4S2_FYP\vega-backend\src\API\Plugins\CleanArc.Web.Plugins.Grpc\bin\Debug\net8.0\CleanArc.Web.Plugins.Grpc.dll" to "bin\Debug\net8.0\CleanArc.Web.Plugins.Grpc.dll". Beginning retry 9 in 1000ms. The process cannot access the file 'C:\Users\JackyLoh716\Desktop\Y4S2_FYP\vega-backend\src\API\CleanArc.Web.Api\bin\Debug\net8.0\CleanArc.Web.Plugins.Grpc.dll' because it is being used by another process. The file is locked by: "CleanArc.Web.Api (9460)" [C:\Users\JackyLoh716\Desktop\Y4S2_FYP\vega-backend\src\API\CleanArc.Web.Api\CleanArc.Web.Api.csproj]
C:\Program Files\dotnet\sdk\9.0.201\Microsoft.Common.CurrentVersion.targets(5063,5): warning MSB3026: Could not copy "C:\Users\JackyLoh716\Desktop\Y4S2_FYP\vega-backend\src\API\CleanArc.WebFramework\bin\Debug\net8.0\CleanArc.WebFramework.dll" to "bin\Debug\net8.0\CleanArc.WebFramework.dll". Beginning retry 9 in 1000ms. The process cannot access the file 'C:\Users\JackyLoh716\Desktop\Y4S2_FYP\vega-backend\src\API\CleanArc.Web.Api\bin\Debug\net8.0\CleanArc.WebFramework.dll' because it is being used by another process. The file is locked by: "CleanArc.Web.Api (9460)" [C:\Users\JackyLoh716\Desktop\Y4S2_FYP\vega-backend\src\API\CleanArc.Web.Api\CleanArc.Web.Api.csproj]
C:\Program Files\dotnet\sdk\9.0.201\Microsoft.Common.CurrentVersion.targets(5063,5): warning MSB3026: Could not copy "C:\Users\JackyLoh716\Desktop\Y4S2_FYP\vega-backend\src\API\Plugins\CleanArc.Web.Plugins.Grpc\bin\Debug\net8.0\CleanArc.Web.Plugins.Grpc.dll" to "bin\Debug\net8.0\CleanArc.Web.Plugins.Grpc.dll". Beginning retry 10 in 1000ms. The process cannot access the file 'C:\Users\JackyLoh716\Desktop\Y4S2_FYP\vega-backend\src\API\CleanArc.Web.Api\bin\Debug\net8.0\CleanArc.Web.Plugins.Grpc.dll' because it is being used by another process. The file is locked by: "CleanArc.Web.Api (9460)" [C:\Users\JackyLoh716\Desktop\Y4S2_FYP\vega-backend\src\API\CleanArc.Web.Api\CleanArc.Web.Api.csproj]
C:\Program Files\dotnet\sdk\9.0.201\Microsoft.Common.CurrentVersion.targets(5063,5): warning MSB3026: Could not copy "C:\Users\JackyLoh716\Desktop\Y4S2_FYP\vega-backend\src\API\CleanArc.WebFramework\bin\Debug\net8.0\CleanArc.WebFramework.dll" to "bin\Debug\net8.0\CleanArc.WebFramework.dll". Beginning retry 10 in 1000ms. The process cannot access the file 'C:\Users\JackyLoh716\Desktop\Y4S2_FYP\vega-backend\src\API\CleanArc.Web.Api\bin\Debug\net8.0\CleanArc.WebFramework.dll' because it is being used by another process. The file is locked by: "CleanArc.Web.Api (9460)" [C:\Users\JackyLoh716\Desktop\Y4S2_FYP\vega-backend\src\API\CleanArc.Web.Api\CleanArc.Web.Api.csproj]
C:\Program Files\dotnet\sdk\9.0.201\Microsoft.Common.CurrentVersion.targets(5063,5): error MSB3027: Could not copy "C:\Users\JackyLoh716\Desktop\Y4S2_FYP\vega-backend\src\API\Plugins\CleanArc.Web.Plugins.Grpc\bin\Debug\net8.0\CleanArc.Web.Plugins.Grpc.dll" to "bin\Debug\net8.0\CleanArc.Web.Plugins.Grpc.dll". Exceeded retry count of 10. Failed. The file is locked by: "CleanArc.Web.Api (9460)" [C:\Users\JackyLoh716\Desktop\Y4S2_FYP\vega-backend\src\API\CleanArc.Web.Api\CleanArc.Web.Api.csproj]
C:\Program Files\dotnet\sdk\9.0.201\Microsoft.Common.CurrentVersion.targets(5063,5): error MSB3021: Unable to copy file "C:\Users\JackyLoh716\Desktop\Y4S2_FYP\vega-backend\src\API\Plugins\CleanArc.Web.Plugins.Grpc\bin\Debug\net8.0\CleanArc.Web.Plugins.Grpc.dll" to "bin\Debug\net8.0\CleanArc.Web.Plugins.Grpc.dll". The process cannot access the file 'C:\Users\JackyLoh716\Desktop\Y4S2_FYP\vega-backend\src\API\CleanArc.Web.Api\bin\Debug\net8.0\CleanArc.Web.Plugins.Grpc.dll' because it is being used by another process. [C:\Users\JackyLoh716\Desktop\Y4S2_FYP\vega-backend\src\API\CleanArc.Web.Api\CleanArc.Web.Api.csproj]
C:\Program Files\dotnet\sdk\9.0.201\Microsoft.Common.CurrentVersion.targets(5063,5): error MSB3027: Could not copy "C:\Users\JackyLoh716\Desktop\Y4S2_FYP\vega-backend\src\API\CleanArc.WebFramework\bin\Debug\net8.0\CleanArc.WebFramework.dll" to "bin\Debug\net8.0\CleanArc.WebFramework.dll". Exceeded retry count of 10. Failed. The file is locked by: "CleanArc.Web.Api (9460)" [C:\Users\JackyLoh716\Desktop\Y4S2_FYP\vega-backend\src\API\CleanArc.Web.Api\CleanArc.Web.Api.csproj]
C:\Program Files\dotnet\sdk\9.0.201\Microsoft.Common.CurrentVersion.targets(5063,5): error MSB3021: Unable to copy file "C:\Users\JackyLoh716\Desktop\Y4S2_FYP\vega-backend\src\API\CleanArc.WebFramework\bin\Debug\net8.0\CleanArc.WebFramework.dll" to "bin\Debug\net8.0\CleanArc.WebFramework.dll". The process cannot access the file 'C:\Users\JackyLoh716\Desktop\Y4S2_FYP\vega-backend\src\API\CleanArc.Web.Api\bin\Debug\net8.0\CleanArc.WebFramework.dll' because it is being used by another process. [C:\Users\JackyLoh716\Desktop\Y4S2_FYP\vega-backend\src\API\CleanArc.Web.Api\CleanArc.Web.Api.csproj]

Build FAILED.

C:\Program Files\dotnet\sdk\9.0.201\Microsoft.Common.CurrentVersion.targets(5063,5): warning MSB3026: Could not copy "C:\Users\JackyLoh716\Desktop\Y4S2_FYP\vega-backend\src\Shared\CleanArc.SharedKernel\bin\Debug\net8.0\CleanArc.SharedKernel.dll" to "bin\Debug\net8.0\CleanArc.SharedKernel.dll". Beginning retry 1 in 1000ms. The process cannot access the file 'C:\Users\JackyLoh716\Desktop\Y4S2_FYP\vega-backend\src\API\CleanArc.Web.Api\bin\Debug\net8.0\CleanArc.SharedKernel.dll' because it is being used by another process. The file is locked by: "CleanArc.Web.Api (9460)" [C:\Users\JackyLoh716\Desktop\Y4S2_FYP\vega-backend\src\API\CleanArc.Web.Api\CleanArc.Web.Api.csproj]
C:\Program Files\dotnet\sdk\9.0.201\Microsoft.Common.CurrentVersion.targets(5063,5): warning MSB3026: Could not copy "C:\Users\JackyLoh716\Desktop\Y4S2_FYP\vega-backend\src\Infrastructure\CleanArc.Infrastructure.CrossCutting\bin\Debug\net8.0\CleanArc.Infrastructure.CrossCutting.dll" to "bin\Debug\net8.0\CleanArc.Infrastructure.CrossCutting.dll". Beginning retry 1 in 1000ms. The process cannot access the file 'C:\Users\JackyLoh716\Desktop\Y4S2_FYP\vega-backend\src\API\CleanArc.Web.Api\bin\Debug\net8.0\CleanArc.Infrastructure.CrossCutting.dll' because it is being used by another process. The file is locked by: "CleanArc.Web.Api (9460)" [C:\Users\JackyLoh716\Desktop\Y4S2_FYP\vega-backend\src\API\CleanArc.Web.Api\CleanArc.Web.Api.csproj]
C:\Program Files\dotnet\sdk\9.0.201\Microsoft.Common.CurrentVersion.targets(5063,5): warning MSB3026: Could not copy "C:\Users\JackyLoh716\Desktop\Y4S2_FYP\vega-backend\src\Core\CleanArc.Application\bin\Debug\net8.0\CleanArc.Application.dll" to "bin\Debug\net8.0\CleanArc.Application.dll". Beginning retry 1 in 1000ms. The process cannot access the file 'C:\Users\JackyLoh716\Desktop\Y4S2_FYP\vega-backend\src\API\CleanArc.Web.Api\bin\Debug\net8.0\CleanArc.Application.dll' because it is being used by another process. The file is locked by: "CleanArc.Web.Api (9460)" [C:\Users\JackyLoh716\Desktop\Y4S2_FYP\vega-backend\src\API\CleanArc.Web.Api\CleanArc.Web.Api.csproj]
C:\Program Files\dotnet\sdk\9.0.201\Microsoft.Common.CurrentVersion.targets(5063,5): warning MSB3026: Could not copy "C:\Users\JackyLoh716\Desktop\Y4S2_FYP\vega-backend\src\Core\CleanArc.Domain\bin\Debug\net8.0\CleanArc.Domain.dll" to "bin\Debug\net8.0\CleanArc.Domain.dll". Beginning retry 1 in 1000ms. The process cannot access the file 'C:\Users\JackyLoh716\Desktop\Y4S2_FYP\vega-backend\src\API\CleanArc.Web.Api\bin\Debug\net8.0\CleanArc.Domain.dll' because it is being used by another process. The file is locked by: "CleanArc.Web.Api (9460)" [C:\Users\JackyLoh716\Desktop\Y4S2_FYP\vega-backend\src\API\CleanArc.Web.Api\CleanArc.Web.Api.csproj]
C:\Program Files\dotnet\sdk\9.0.201\Microsoft.Common.CurrentVersion.targets(5063,5): warning MSB3026: Could not copy "C:\Users\JackyLoh716\Desktop\Y4S2_FYP\vega-backend\src\Infrastructure\CleanArc.Infrastructure.Persistence\bin\Debug\net8.0\CleanArc.Infrastructure.Persistence.dll" to "bin\Debug\net8.0\CleanArc.Infrastructure.Persistence.dll". Beginning retry 1 in 1000ms. The process cannot access the file 'C:\Users\JackyLoh716\Desktop\Y4S2_FYP\vega-backend\src\API\CleanArc.Web.Api\bin\Debug\net8.0\CleanArc.Infrastructure.Persistence.dll' because it is being used by another process. The file is locked by: "CleanArc.Web.Api (9460)" [C:\Users\JackyLoh716\Desktop\Y4S2_FYP\vega-backend\src\API\CleanArc.Web.Api\CleanArc.Web.Api.csproj]
C:\Program Files\dotnet\sdk\9.0.201\Microsoft.Common.CurrentVersion.targets(5063,5): warning MSB3026: Could not copy "C:\Users\JackyLoh716\Desktop\Y4S2_FYP\vega-backend\src\Infrastructure\CleanArc.Infrastructure.Identity\bin\Debug\net8.0\CleanArc.Infrastructure.Identity.dll" to "bin\Debug\net8.0\CleanArc.Infrastructure.Identity.dll". Beginning retry 1 in 1000ms. The process cannot access the file 'C:\Users\JackyLoh716\Desktop\Y4S2_FYP\vega-backend\src\API\CleanArc.Web.Api\bin\Debug\net8.0\CleanArc.Infrastructure.Identity.dll' because it is being used by another process. The file is locked by: "CleanArc.Web.Api (9460)" [C:\Users\JackyLoh716\Desktop\Y4S2_FYP\vega-backend\src\API\CleanArc.Web.Api\CleanArc.Web.Api.csproj]
C:\Program Files\dotnet\sdk\9.0.201\Microsoft.Common.CurrentVersion.targets(5063,5): warning MSB3026: Could not copy "C:\Users\JackyLoh716\Desktop\Y4S2_FYP\vega-backend\src\Core\CleanArc.Application\bin\Debug\net8.0\CleanArc.Application.dll" to "bin\Debug\net8.0\CleanArc.Application.dll". Beginning retry 2 in 1000ms. The process cannot access the file 'C:\Users\JackyLoh716\Desktop\Y4S2_FYP\vega-backend\src\API\CleanArc.Web.Api\bin\Debug\net8.0\CleanArc.Application.dll' because it is being used by another process. The file is locked by: "CleanArc.Web.Api (9460)" [C:\Users\JackyLoh716\Desktop\Y4S2_FYP\vega-backend\src\API\CleanArc.Web.Api\CleanArc.Web.Api.csproj]
C:\Program Files\dotnet\sdk\9.0.201\Microsoft.Common.CurrentVersion.targets(5063,5): warning MSB3026: Could not copy "C:\Users\JackyLoh716\Desktop\Y4S2_FYP\vega-backend\src\Infrastructure\CleanArc.Infrastructure.Identity\bin\Debug\net8.0\CleanArc.Infrastructure.Identity.dll" to "bin\Debug\net8.0\CleanArc.Infrastructure.Identity.dll". Beginning retry 2 in 1000ms. The process cannot access the file 'C:\Users\JackyLoh716\Desktop\Y4S2_FYP\vega-backend\src\API\CleanArc.Web.Api\bin\Debug\net8.0\CleanArc.Infrastructure.Identity.dll' because it is being used by another process. The file is locked by: "CleanArc.Web.Api (9460)" [C:\Users\JackyLoh716\Desktop\Y4S2_FYP\vega-backend\src\API\CleanArc.Web.Api\CleanArc.Web.Api.csproj]
C:\Program Files\dotnet\sdk\9.0.201\Microsoft.Common.CurrentVersion.targets(5063,5): warning MSB3026: Could not copy "C:\Users\JackyLoh716\Desktop\Y4S2_FYP\vega-backend\src\Shared\CleanArc.SharedKernel\bin\Debug\net8.0\CleanArc.SharedKernel.dll" to "bin\Debug\net8.0\CleanArc.SharedKernel.dll". Beginning retry 2 in 1000ms. The process cannot access the file 'C:\Users\JackyLoh716\Desktop\Y4S2_FYP\vega-backend\src\API\CleanArc.Web.Api\bin\Debug\net8.0\CleanArc.SharedKernel.dll' because it is being used by another process. The file is locked by: "CleanArc.Web.Api (9460)" [C:\Users\JackyLoh716\Desktop\Y4S2_FYP\vega-backend\src\API\CleanArc.Web.Api\CleanArc.Web.Api.csproj]
C:\Program Files\dotnet\sdk\9.0.201\Microsoft.Common.CurrentVersion.targets(5063,5): warning MSB3026: Could not copy "C:\Users\JackyLoh716\Desktop\Y4S2_FYP\vega-backend\src\Core\CleanArc.Domain\bin\Debug\net8.0\CleanArc.Domain.dll" to "bin\Debug\net8.0\CleanArc.Domain.dll". Beginning retry 2 in 1000ms. The process cannot access the file 'C:\Users\JackyLoh716\Desktop\Y4S2_FYP\vega-backend\src\API\CleanArc.Web.Api\bin\Debug\net8.0\CleanArc.Domain.dll' because it is being used by another process. The file is locked by: "CleanArc.Web.Api (9460)" [C:\Users\JackyLoh716\Desktop\Y4S2_FYP\vega-backend\src\API\CleanArc.Web.Api\CleanArc.Web.Api.csproj]
C:\Program Files\dotnet\sdk\9.0.201\Microsoft.Common.CurrentVersion.targets(5063,5): warning MSB3026: Could not copy "C:\Users\JackyLoh716\Desktop\Y4S2_FYP\vega-backend\src\Infrastructure\CleanArc.Infrastructure.CrossCutting\bin\Debug\net8.0\CleanArc.Infrastructure.CrossCutting.dll" to "bin\Debug\net8.0\CleanArc.Infrastructure.CrossCutting.dll". Beginning retry 2 in 1000ms. The process cannot access the file 'C:\Users\JackyLoh716\Desktop\Y4S2_FYP\vega-backend\src\API\CleanArc.Web.Api\bin\Debug\net8.0\CleanArc.Infrastructure.CrossCutting.dll' because it is being used by another process. The file is locked by: "CleanArc.Web.Api (9460)" [C:\Users\JackyLoh716\Desktop\Y4S2_FYP\vega-backend\src\API\CleanArc.Web.Api\CleanArc.Web.Api.csproj]
C:\Program Files\dotnet\sdk\9.0.201\Microsoft.Common.CurrentVersion.targets(5063,5): warning MSB3026: Could not copy "C:\Users\JackyLoh716\Desktop\Y4S2_FYP\vega-backend\src\Infrastructure\CleanArc.Infrastructure.Persistence\bin\Debug\net8.0\CleanArc.Infrastructure.Persistence.dll" to "bin\Debug\net8.0\CleanArc.Infrastructure.Persistence.dll". Beginning retry 2 in 1000ms. The process cannot access the file 'C:\Users\JackyLoh716\Desktop\Y4S2_FYP\vega-backend\src\API\CleanArc.Web.Api\bin\Debug\net8.0\CleanArc.Infrastructure.Persistence.dll' because it is being used by another process. The file is locked by: "CleanArc.Web.Api (9460)" [C:\Users\JackyLoh716\Desktop\Y4S2_FYP\vega-backend\src\API\CleanArc.Web.Api\CleanArc.Web.Api.csproj]
C:\Program Files\dotnet\sdk\9.0.201\Microsoft.Common.CurrentVersion.targets(5063,5): warning MSB3026: Could not copy "C:\Users\JackyLoh716\Desktop\Y4S2_FYP\vega-backend\src\Core\CleanArc.Application\bin\Debug\net8.0\CleanArc.Application.dll" to "bin\Debug\net8.0\CleanArc.Application.dll". Beginning retry 3 in 1000ms. The process cannot access the file 'C:\Users\JackyLoh716\Desktop\Y4S2_FYP\vega-backend\src\API\CleanArc.Web.Api\bin\Debug\net8.0\CleanArc.Application.dll' because it is being used by another process. The file is locked by: "CleanArc.Web.Api (9460)" [C:\Users\JackyLoh716\Desktop\Y4S2_FYP\vega-backend\src\API\CleanArc.Web.Api\CleanArc.Web.Api.csproj]
C:\Program Files\dotnet\sdk\9.0.201\Microsoft.Common.CurrentVersion.targets(5063,5): warning MSB3026: Could not copy "C:\Users\JackyLoh716\Desktop\Y4S2_FYP\vega-backend\src\Infrastructure\CleanArc.Infrastructure.CrossCutting\bin\Debug\net8.0\CleanArc.Infrastructure.CrossCutting.dll" to "bin\Debug\net8.0\CleanArc.Infrastructure.CrossCutting.dll". Beginning retry 3 in 1000ms. The process cannot access the file 'C:\Users\JackyLoh716\Desktop\Y4S2_FYP\vega-backend\src\API\CleanArc.Web.Api\bin\Debug\net8.0\CleanArc.Infrastructure.CrossCutting.dll' because it is being used by another process. The file is locked by: "CleanArc.Web.Api (9460)" [C:\Users\JackyLoh716\Desktop\Y4S2_FYP\vega-backend\src\API\CleanArc.Web.Api\CleanArc.Web.Api.csproj]
C:\Program Files\dotnet\sdk\9.0.201\Microsoft.Common.CurrentVersion.targets(5063,5): warning MSB3026: Could not copy "C:\Users\JackyLoh716\Desktop\Y4S2_FYP\vega-backend\src\Infrastructure\CleanArc.Infrastructure.Persistence\bin\Debug\net8.0\CleanArc.Infrastructure.Persistence.dll" to "bin\Debug\net8.0\CleanArc.Infrastructure.Persistence.dll". Beginning retry 3 in 1000ms. The process cannot access the file 'C:\Users\JackyLoh716\Desktop\Y4S2_FYP\vega-backend\src\API\CleanArc.Web.Api\bin\Debug\net8.0\CleanArc.Infrastructure.Persistence.dll' because it is being used by another process. The file is locked by: "CleanArc.Web.Api (9460)" [C:\Users\JackyLoh716\Desktop\Y4S2_FYP\vega-backend\src\API\CleanArc.Web.Api\CleanArc.Web.Api.csproj]
C:\Program Files\dotnet\sdk\9.0.201\Microsoft.Common.CurrentVersion.targets(5063,5): warning MSB3026: Could not copy "C:\Users\JackyLoh716\Desktop\Y4S2_FYP\vega-backend\src\Core\CleanArc.Domain\bin\Debug\net8.0\CleanArc.Domain.dll" to "bin\Debug\net8.0\CleanArc.Domain.dll". Beginning retry 3 in 1000ms. The process cannot access the file 'C:\Users\JackyLoh716\Desktop\Y4S2_FYP\vega-backend\src\API\CleanArc.Web.Api\bin\Debug\net8.0\CleanArc.Domain.dll' because it is being used by another process. The file is locked by: "CleanArc.Web.Api (9460)" [C:\Users\JackyLoh716\Desktop\Y4S2_FYP\vega-backend\src\API\CleanArc.Web.Api\CleanArc.Web.Api.csproj]
C:\Program Files\dotnet\sdk\9.0.201\Microsoft.Common.CurrentVersion.targets(5063,5): warning MSB3026: Could not copy "C:\Users\JackyLoh716\Desktop\Y4S2_FYP\vega-backend\src\Infrastructure\CleanArc.Infrastructure.Identity\bin\Debug\net8.0\CleanArc.Infrastructure.Identity.dll" to "bin\Debug\net8.0\CleanArc.Infrastructure.Identity.dll". Beginning retry 3 in 1000ms. The process cannot access the file 'C:\Users\JackyLoh716\Desktop\Y4S2_FYP\vega-backend\src\API\CleanArc.Web.Api\bin\Debug\net8.0\CleanArc.Infrastructure.Identity.dll' because it is being used by another process. The file is locked by: "CleanArc.Web.Api (9460)" [C:\Users\JackyLoh716\Desktop\Y4S2_FYP\vega-backend\src\API\CleanArc.Web.Api\CleanArc.Web.Api.csproj]
C:\Program Files\dotnet\sdk\9.0.201\Microsoft.Common.CurrentVersion.targets(5063,5): warning MSB3026: Could not copy "C:\Users\JackyLoh716\Desktop\Y4S2_FYP\vega-backend\src\Shared\CleanArc.SharedKernel\bin\Debug\net8.0\CleanArc.SharedKernel.dll" to "bin\Debug\net8.0\CleanArc.SharedKernel.dll". Beginning retry 3 in 1000ms. The process cannot access the file 'C:\Users\JackyLoh716\Desktop\Y4S2_FYP\vega-backend\src\API\CleanArc.Web.Api\bin\Debug\net8.0\CleanArc.SharedKernel.dll' because it is being used by another process. The file is locked by: "CleanArc.Web.Api (9460)" [C:\Users\JackyLoh716\Desktop\Y4S2_FYP\vega-backend\src\API\CleanArc.Web.Api\CleanArc.Web.Api.csproj]
C:\Program Files\dotnet\sdk\9.0.201\Microsoft.Common.CurrentVersion.targets(5063,5): warning MSB3026: Could not copy "C:\Users\JackyLoh716\Desktop\Y4S2_FYP\vega-backend\src\Core\CleanArc.Application\bin\Debug\net8.0\CleanArc.Application.dll" to "bin\Debug\net8.0\CleanArc.Application.dll". Beginning retry 4 in 1000ms. The process cannot access the file 'C:\Users\JackyLoh716\Desktop\Y4S2_FYP\vega-backend\src\API\CleanArc.Web.Api\bin\Debug\net8.0\CleanArc.Application.dll' because it is being used by another process. The file is locked by: "CleanArc.Web.Api (9460)" [C:\Users\JackyLoh716\Desktop\Y4S2_FYP\vega-backend\src\API\CleanArc.Web.Api\CleanArc.Web.Api.csproj]
C:\Program Files\dotnet\sdk\9.0.201\Microsoft.Common.CurrentVersion.targets(5063,5): warning MSB3026: Could not copy "C:\Users\JackyLoh716\Desktop\Y4S2_FYP\vega-backend\src\Infrastructure\CleanArc.Infrastructure.Identity\bin\Debug\net8.0\CleanArc.Infrastructure.Identity.dll" to "bin\Debug\net8.0\CleanArc.Infrastructure.Identity.dll". Beginning retry 4 in 1000ms. The process cannot access the file 'C:\Users\JackyLoh716\Desktop\Y4S2_FYP\vega-backend\src\API\CleanArc.Web.Api\bin\Debug\net8.0\CleanArc.Infrastructure.Identity.dll' because it is being used by another process. The file is locked by: "CleanArc.Web.Api (9460)" [C:\Users\JackyLoh716\Desktop\Y4S2_FYP\vega-backend\src\API\CleanArc.Web.Api\CleanArc.Web.Api.csproj]
C:\Program Files\dotnet\sdk\9.0.201\Microsoft.Common.CurrentVersion.targets(5063,5): warning MSB3026: Could not copy "C:\Users\JackyLoh716\Desktop\Y4S2_FYP\vega-backend\src\Infrastructure\CleanArc.Infrastructure.CrossCutting\bin\Debug\net8.0\CleanArc.Infrastructure.CrossCutting.dll" to "bin\Debug\net8.0\CleanArc.Infrastructure.CrossCutting.dll". Beginning retry 4 in 1000ms. The process cannot access the file 'C:\Users\JackyLoh716\Desktop\Y4S2_FYP\vega-backend\src\API\CleanArc.Web.Api\bin\Debug\net8.0\CleanArc.Infrastructure.CrossCutting.dll' because it is being used by another process. The file is locked by: "CleanArc.Web.Api (9460)" [C:\Users\JackyLoh716\Desktop\Y4S2_FYP\vega-backend\src\API\CleanArc.Web.Api\CleanArc.Web.Api.csproj]
C:\Program Files\dotnet\sdk\9.0.201\Microsoft.Common.CurrentVersion.targets(5063,5): warning MSB3026: Could not copy "C:\Users\JackyLoh716\Desktop\Y4S2_FYP\vega-backend\src\Shared\CleanArc.SharedKernel\bin\Debug\net8.0\CleanArc.SharedKernel.dll" to "bin\Debug\net8.0\CleanArc.SharedKernel.dll". Beginning retry 4 in 1000ms. The process cannot access the file 'C:\Users\JackyLoh716\Desktop\Y4S2_FYP\vega-backend\src\API\CleanArc.Web.Api\bin\Debug\net8.0\CleanArc.SharedKernel.dll' because it is being used by another process. The file is locked by: "CleanArc.Web.Api (9460)" [C:\Users\JackyLoh716\Desktop\Y4S2_FYP\vega-backend\src\API\CleanArc.Web.Api\CleanArc.Web.Api.csproj]
C:\Program Files\dotnet\sdk\9.0.201\Microsoft.Common.CurrentVersion.targets(5063,5): warning MSB3026: Could not copy "C:\Users\JackyLoh716\Desktop\Y4S2_FYP\vega-backend\src\Infrastructure\CleanArc.Infrastructure.Persistence\bin\Debug\net8.0\CleanArc.Infrastructure.Persistence.dll" to "bin\Debug\net8.0\CleanArc.Infrastructure.Persistence.dll". Beginning retry 4 in 1000ms. The process cannot access the file 'C:\Users\JackyLoh716\Desktop\Y4S2_FYP\vega-backend\src\API\CleanArc.Web.Api\bin\Debug\net8.0\CleanArc.Infrastructure.Persistence.dll' because it is being used by another process. The file is locked by: "CleanArc.Web.Api (9460)" [C:\Users\JackyLoh716\Desktop\Y4S2_FYP\vega-backend\src\API\CleanArc.Web.Api\CleanArc.Web.Api.csproj]
C:\Program Files\dotnet\sdk\9.0.201\Microsoft.Common.CurrentVersion.targets(5063,5): warning MSB3026: Could not copy "C:\Users\JackyLoh716\Desktop\Y4S2_FYP\vega-backend\src\Core\CleanArc.Domain\bin\Debug\net8.0\CleanArc.Domain.dll" to "bin\Debug\net8.0\CleanArc.Domain.dll". Beginning retry 4 in 1000ms. The process cannot access the file 'C:\Users\JackyLoh716\Desktop\Y4S2_FYP\vega-backend\src\API\CleanArc.Web.Api\bin\Debug\net8.0\CleanArc.Domain.dll' because it is being used by another process. The file is locked by: "CleanArc.Web.Api (9460)" [C:\Users\JackyLoh716\Desktop\Y4S2_FYP\vega-backend\src\API\CleanArc.Web.Api\CleanArc.Web.Api.csproj]
C:\Program Files\dotnet\sdk\9.0.201\Microsoft.Common.CurrentVersion.targets(5063,5): warning MSB3026: Could not copy "C:\Users\JackyLoh716\Desktop\Y4S2_FYP\vega-backend\src\Core\CleanArc.Application\bin\Debug\net8.0\CleanArc.Application.dll" to "bin\Debug\net8.0\CleanArc.Application.dll". Beginning retry 5 in 1000ms. The process cannot access the file 'C:\Users\JackyLoh716\Desktop\Y4S2_FYP\vega-backend\src\API\CleanArc.Web.Api\bin\Debug\net8.0\CleanArc.Application.dll' because it is being used by another process. The file is locked by: "CleanArc.Web.Api (9460)" [C:\Users\JackyLoh716\Desktop\Y4S2_FYP\vega-backend\src\API\CleanArc.Web.Api\CleanArc.Web.Api.csproj]
C:\Program Files\dotnet\sdk\9.0.201\Microsoft.Common.CurrentVersion.targets(5063,5): warning MSB3026: Could not copy "C:\Users\JackyLoh716\Desktop\Y4S2_FYP\vega-backend\src\Infrastructure\CleanArc.Infrastructure.CrossCutting\bin\Debug\net8.0\CleanArc.Infrastructure.CrossCutting.dll" to "bin\Debug\net8.0\CleanArc.Infrastructure.CrossCutting.dll". Beginning retry 5 in 1000ms. The process cannot access the file 'C:\Users\JackyLoh716\Desktop\Y4S2_FYP\vega-backend\src\API\CleanArc.Web.Api\bin\Debug\net8.0\CleanArc.Infrastructure.CrossCutting.dll' because it is being used by another process. The file is locked by: "CleanArc.Web.Api (9460)" [C:\Users\JackyLoh716\Desktop\Y4S2_FYP\vega-backend\src\API\CleanArc.Web.Api\CleanArc.Web.Api.csproj]
C:\Program Files\dotnet\sdk\9.0.201\Microsoft.Common.CurrentVersion.targets(5063,5): warning MSB3026: Could not copy "C:\Users\JackyLoh716\Desktop\Y4S2_FYP\vega-backend\src\Core\CleanArc.Domain\bin\Debug\net8.0\CleanArc.Domain.dll" to "bin\Debug\net8.0\CleanArc.Domain.dll". Beginning retry 5 in 1000ms. The process cannot access the file 'C:\Users\JackyLoh716\Desktop\Y4S2_FYP\vega-backend\src\API\CleanArc.Web.Api\bin\Debug\net8.0\CleanArc.Domain.dll' because it is being used by another process. The file is locked by: "CleanArc.Web.Api (9460)" [C:\Users\JackyLoh716\Desktop\Y4S2_FYP\vega-backend\src\API\CleanArc.Web.Api\CleanArc.Web.Api.csproj]
C:\Program Files\dotnet\sdk\9.0.201\Microsoft.Common.CurrentVersion.targets(5063,5): warning MSB3026: Could not copy "C:\Users\JackyLoh716\Desktop\Y4S2_FYP\vega-backend\src\Infrastructure\CleanArc.Infrastructure.Persistence\bin\Debug\net8.0\CleanArc.Infrastructure.Persistence.dll" to "bin\Debug\net8.0\CleanArc.Infrastructure.Persistence.dll". Beginning retry 5 in 1000ms. The process cannot access the file 'C:\Users\JackyLoh716\Desktop\Y4S2_FYP\vega-backend\src\API\CleanArc.Web.Api\bin\Debug\net8.0\CleanArc.Infrastructure.Persistence.dll' because it is being used by another process. The file is locked by: "CleanArc.Web.Api (9460)" [C:\Users\JackyLoh716\Desktop\Y4S2_FYP\vega-backend\src\API\CleanArc.Web.Api\CleanArc.Web.Api.csproj]
C:\Program Files\dotnet\sdk\9.0.201\Microsoft.Common.CurrentVersion.targets(5063,5): warning MSB3026: Could not copy "C:\Users\JackyLoh716\Desktop\Y4S2_FYP\vega-backend\src\Shared\CleanArc.SharedKernel\bin\Debug\net8.0\CleanArc.SharedKernel.dll" to "bin\Debug\net8.0\CleanArc.SharedKernel.dll". Beginning retry 5 in 1000ms. The process cannot access the file 'C:\Users\JackyLoh716\Desktop\Y4S2_FYP\vega-backend\src\API\CleanArc.Web.Api\bin\Debug\net8.0\CleanArc.SharedKernel.dll' because it is being used by another process. The file is locked by: "CleanArc.Web.Api (9460)" [C:\Users\JackyLoh716\Desktop\Y4S2_FYP\vega-backend\src\API\CleanArc.Web.Api\CleanArc.Web.Api.csproj]
C:\Program Files\dotnet\sdk\9.0.201\Microsoft.Common.CurrentVersion.targets(5063,5): warning MSB3026: Could not copy "C:\Users\JackyLoh716\Desktop\Y4S2_FYP\vega-backend\src\Infrastructure\CleanArc.Infrastructure.Identity\bin\Debug\net8.0\CleanArc.Infrastructure.Identity.dll" to "bin\Debug\net8.0\CleanArc.Infrastructure.Identity.dll". Beginning retry 5 in 1000ms. The process cannot access the file 'C:\Users\JackyLoh716\Desktop\Y4S2_FYP\vega-backend\src\API\CleanArc.Web.Api\bin\Debug\net8.0\CleanArc.Infrastructure.Identity.dll' because it is being used by another process. The file is locked by: "CleanArc.Web.Api (9460)" [C:\Users\JackyLoh716\Desktop\Y4S2_FYP\vega-backend\src\API\CleanArc.Web.Api\CleanArc.Web.Api.csproj]
C:\Program Files\dotnet\sdk\9.0.201\Microsoft.Common.CurrentVersion.targets(5063,5): warning MSB3026: Could not copy "C:\Users\JackyLoh716\Desktop\Y4S2_FYP\vega-backend\src\Core\CleanArc.Application\bin\Debug\net8.0\CleanArc.Application.dll" to "bin\Debug\net8.0\CleanArc.Application.dll". Beginning retry 6 in 1000ms. The process cannot access the file 'C:\Users\JackyLoh716\Desktop\Y4S2_FYP\vega-backend\src\API\CleanArc.Web.Api\bin\Debug\net8.0\CleanArc.Application.dll' because it is being used by another process. The file is locked by: "CleanArc.Web.Api (9460)" [C:\Users\JackyLoh716\Desktop\Y4S2_FYP\vega-backend\src\API\CleanArc.Web.Api\CleanArc.Web.Api.csproj]
C:\Program Files\dotnet\sdk\9.0.201\Microsoft.Common.CurrentVersion.targets(5063,5): warning MSB3026: Could not copy "C:\Users\JackyLoh716\Desktop\Y4S2_FYP\vega-backend\src\Shared\CleanArc.SharedKernel\bin\Debug\net8.0\CleanArc.SharedKernel.dll" to "bin\Debug\net8.0\CleanArc.SharedKernel.dll". Beginning retry 6 in 1000ms. The process cannot access the file 'C:\Users\JackyLoh716\Desktop\Y4S2_FYP\vega-backend\src\API\CleanArc.Web.Api\bin\Debug\net8.0\CleanArc.SharedKernel.dll' because it is being used by another process. The file is locked by: "CleanArc.Web.Api (9460)" [C:\Users\JackyLoh716\Desktop\Y4S2_FYP\vega-backend\src\API\CleanArc.Web.Api\CleanArc.Web.Api.csproj]
C:\Program Files\dotnet\sdk\9.0.201\Microsoft.Common.CurrentVersion.targets(5063,5): warning MSB3026: Could not copy "C:\Users\JackyLoh716\Desktop\Y4S2_FYP\vega-backend\src\Core\CleanArc.Domain\bin\Debug\net8.0\CleanArc.Domain.dll" to "bin\Debug\net8.0\CleanArc.Domain.dll". Beginning retry 6 in 1000ms. The process cannot access the file 'C:\Users\JackyLoh716\Desktop\Y4S2_FYP\vega-backend\src\API\CleanArc.Web.Api\bin\Debug\net8.0\CleanArc.Domain.dll' because it is being used by another process. The file is locked by: "CleanArc.Web.Api (9460)" [C:\Users\JackyLoh716\Desktop\Y4S2_FYP\vega-backend\src\API\CleanArc.Web.Api\CleanArc.Web.Api.csproj]
C:\Program Files\dotnet\sdk\9.0.201\Microsoft.Common.CurrentVersion.targets(5063,5): warning MSB3026: Could not copy "C:\Users\JackyLoh716\Desktop\Y4S2_FYP\vega-backend\src\Infrastructure\CleanArc.Infrastructure.CrossCutting\bin\Debug\net8.0\CleanArc.Infrastructure.CrossCutting.dll" to "bin\Debug\net8.0\CleanArc.Infrastructure.CrossCutting.dll". Beginning retry 6 in 1000ms. The process cannot access the file 'C:\Users\JackyLoh716\Desktop\Y4S2_FYP\vega-backend\src\API\CleanArc.Web.Api\bin\Debug\net8.0\CleanArc.Infrastructure.CrossCutting.dll' because it is being used by another process. The file is locked by: "CleanArc.Web.Api (9460)" [C:\Users\JackyLoh716\Desktop\Y4S2_FYP\vega-backend\src\API\CleanArc.Web.Api\CleanArc.Web.Api.csproj]
C:\Program Files\dotnet\sdk\9.0.201\Microsoft.Common.CurrentVersion.targets(5063,5): warning MSB3026: Could not copy "C:\Users\JackyLoh716\Desktop\Y4S2_FYP\vega-backend\src\Infrastructure\CleanArc.Infrastructure.Persistence\bin\Debug\net8.0\CleanArc.Infrastructure.Persistence.dll" to "bin\Debug\net8.0\CleanArc.Infrastructure.Persistence.dll". Beginning retry 6 in 1000ms. The process cannot access the file 'C:\Users\JackyLoh716\Desktop\Y4S2_FYP\vega-backend\src\API\CleanArc.Web.Api\bin\Debug\net8.0\CleanArc.Infrastructure.Persistence.dll' because it is being used by another process. The file is locked by: "CleanArc.Web.Api (9460)" [C:\Users\JackyLoh716\Desktop\Y4S2_FYP\vega-backend\src\API\CleanArc.Web.Api\CleanArc.Web.Api.csproj]
C:\Program Files\dotnet\sdk\9.0.201\Microsoft.Common.CurrentVersion.targets(5063,5): warning MSB3026: Could not copy "C:\Users\JackyLoh716\Desktop\Y4S2_FYP\vega-backend\src\Infrastructure\CleanArc.Infrastructure.Identity\bin\Debug\net8.0\CleanArc.Infrastructure.Identity.dll" to "bin\Debug\net8.0\CleanArc.Infrastructure.Identity.dll". Beginning retry 6 in 1000ms. The process cannot access the file 'C:\Users\JackyLoh716\Desktop\Y4S2_FYP\vega-backend\src\API\CleanArc.Web.Api\bin\Debug\net8.0\CleanArc.Infrastructure.Identity.dll' because it is being used by another process. The file is locked by: "CleanArc.Web.Api (9460)" [C:\Users\JackyLoh716\Desktop\Y4S2_FYP\vega-backend\src\API\CleanArc.Web.Api\CleanArc.Web.Api.csproj]
C:\Program Files\dotnet\sdk\9.0.201\Microsoft.Common.CurrentVersion.targets(5063,5): warning MSB3026: Could not copy "C:\Users\JackyLoh716\Desktop\Y4S2_FYP\vega-backend\src\Core\CleanArc.Application\bin\Debug\net8.0\CleanArc.Application.dll" to "bin\Debug\net8.0\CleanArc.Application.dll". Beginning retry 7 in 1000ms. The process cannot access the file 'C:\Users\JackyLoh716\Desktop\Y4S2_FYP\vega-backend\src\API\CleanArc.Web.Api\bin\Debug\net8.0\CleanArc.Application.dll' because it is being used by another process. The file is locked by: "CleanArc.Web.Api (9460)" [C:\Users\JackyLoh716\Desktop\Y4S2_FYP\vega-backend\src\API\CleanArc.Web.Api\CleanArc.Web.Api.csproj]
C:\Program Files\dotnet\sdk\9.0.201\Microsoft.Common.CurrentVersion.targets(5063,5): warning MSB3026: Could not copy "C:\Users\JackyLoh716\Desktop\Y4S2_FYP\vega-backend\src\Core\CleanArc.Domain\bin\Debug\net8.0\CleanArc.Domain.dll" to "bin\Debug\net8.0\CleanArc.Domain.dll". Beginning retry 7 in 1000ms. The process cannot access the file 'C:\Users\JackyLoh716\Desktop\Y4S2_FYP\vega-backend\src\API\CleanArc.Web.Api\bin\Debug\net8.0\CleanArc.Domain.dll' because it is being used by another process. The file is locked by: "CleanArc.Web.Api (9460)" [C:\Users\JackyLoh716\Desktop\Y4S2_FYP\vega-backend\src\API\CleanArc.Web.Api\CleanArc.Web.Api.csproj]
C:\Program Files\dotnet\sdk\9.0.201\Microsoft.Common.CurrentVersion.targets(5063,5): warning MSB3026: Could not copy "C:\Users\JackyLoh716\Desktop\Y4S2_FYP\vega-backend\src\Shared\CleanArc.SharedKernel\bin\Debug\net8.0\CleanArc.SharedKernel.dll" to "bin\Debug\net8.0\CleanArc.SharedKernel.dll". Beginning retry 7 in 1000ms. The process cannot access the file 'C:\Users\JackyLoh716\Desktop\Y4S2_FYP\vega-backend\src\API\CleanArc.Web.Api\bin\Debug\net8.0\CleanArc.SharedKernel.dll' because it is being used by another process. The file is locked by: "CleanArc.Web.Api (9460)" [C:\Users\JackyLoh716\Desktop\Y4S2_FYP\vega-backend\src\API\CleanArc.Web.Api\CleanArc.Web.Api.csproj]
C:\Program Files\dotnet\sdk\9.0.201\Microsoft.Common.CurrentVersion.targets(5063,5): warning MSB3026: Could not copy "C:\Users\JackyLoh716\Desktop\Y4S2_FYP\vega-backend\src\Infrastructure\CleanArc.Infrastructure.CrossCutting\bin\Debug\net8.0\CleanArc.Infrastructure.CrossCutting.dll" to "bin\Debug\net8.0\CleanArc.Infrastructure.CrossCutting.dll". Beginning retry 7 in 1000ms. The process cannot access the file 'C:\Users\JackyLoh716\Desktop\Y4S2_FYP\vega-backend\src\API\CleanArc.Web.Api\bin\Debug\net8.0\CleanArc.Infrastructure.CrossCutting.dll' because it is being used by another process. The file is locked by: "CleanArc.Web.Api (9460)" [C:\Users\JackyLoh716\Desktop\Y4S2_FYP\vega-backend\src\API\CleanArc.Web.Api\CleanArc.Web.Api.csproj]
C:\Program Files\dotnet\sdk\9.0.201\Microsoft.Common.CurrentVersion.targets(5063,5): warning MSB3026: Could not copy "C:\Users\JackyLoh716\Desktop\Y4S2_FYP\vega-backend\src\Infrastructure\CleanArc.Infrastructure.Persistence\bin\Debug\net8.0\CleanArc.Infrastructure.Persistence.dll" to "bin\Debug\net8.0\CleanArc.Infrastructure.Persistence.dll". Beginning retry 7 in 1000ms. The process cannot access the file 'C:\Users\JackyLoh716\Desktop\Y4S2_FYP\vega-backend\src\API\CleanArc.Web.Api\bin\Debug\net8.0\CleanArc.Infrastructure.Persistence.dll' because it is being used by another process. The file is locked by: "CleanArc.Web.Api (9460)" [C:\Users\JackyLoh716\Desktop\Y4S2_FYP\vega-backend\src\API\CleanArc.Web.Api\CleanArc.Web.Api.csproj]
C:\Program Files\dotnet\sdk\9.0.201\Microsoft.Common.CurrentVersion.targets(5063,5): warning MSB3026: Could not copy "C:\Users\JackyLoh716\Desktop\Y4S2_FYP\vega-backend\src\Infrastructure\CleanArc.Infrastructure.Identity\bin\Debug\net8.0\CleanArc.Infrastructure.Identity.dll" to "bin\Debug\net8.0\CleanArc.Infrastructure.Identity.dll". Beginning retry 7 in 1000ms. The process cannot access the file 'C:\Users\JackyLoh716\Desktop\Y4S2_FYP\vega-backend\src\API\CleanArc.Web.Api\bin\Debug\net8.0\CleanArc.Infrastructure.Identity.dll' because it is being used by another process. The file is locked by: "CleanArc.Web.Api (9460)" [C:\Users\JackyLoh716\Desktop\Y4S2_FYP\vega-backend\src\API\CleanArc.Web.Api\CleanArc.Web.Api.csproj]
C:\Program Files\dotnet\sdk\9.0.201\Microsoft.Common.CurrentVersion.targets(5063,5): warning MSB3026: Could not copy "C:\Users\JackyLoh716\Desktop\Y4S2_FYP\vega-backend\src\Core\CleanArc.Application\bin\Debug\net8.0\CleanArc.Application.dll" to "bin\Debug\net8.0\CleanArc.Application.dll". Beginning retry 8 in 1000ms. The process cannot access the file 'C:\Users\JackyLoh716\Desktop\Y4S2_FYP\vega-backend\src\API\CleanArc.Web.Api\bin\Debug\net8.0\CleanArc.Application.dll' because it is being used by another process. The file is locked by: "CleanArc.Web.Api (9460)" [C:\Users\JackyLoh716\Desktop\Y4S2_FYP\vega-backend\src\API\CleanArc.Web.Api\CleanArc.Web.Api.csproj]
C:\Program Files\dotnet\sdk\9.0.201\Microsoft.Common.CurrentVersion.targets(5063,5): warning MSB3026: Could not copy "C:\Users\JackyLoh716\Desktop\Y4S2_FYP\vega-backend\src\Infrastructure\CleanArc.Infrastructure.Identity\bin\Debug\net8.0\CleanArc.Infrastructure.Identity.dll" to "bin\Debug\net8.0\CleanArc.Infrastructure.Identity.dll". Beginning retry 8 in 1000ms. The process cannot access the file 'C:\Users\JackyLoh716\Desktop\Y4S2_FYP\vega-backend\src\API\CleanArc.Web.Api\bin\Debug\net8.0\CleanArc.Infrastructure.Identity.dll' because it is being used by another process. The file is locked by: "CleanArc.Web.Api (9460)" [C:\Users\JackyLoh716\Desktop\Y4S2_FYP\vega-backend\src\API\CleanArc.Web.Api\CleanArc.Web.Api.csproj]
C:\Program Files\dotnet\sdk\9.0.201\Microsoft.Common.CurrentVersion.targets(5063,5): warning MSB3026: Could not copy "C:\Users\JackyLoh716\Desktop\Y4S2_FYP\vega-backend\src\Shared\CleanArc.SharedKernel\bin\Debug\net8.0\CleanArc.SharedKernel.dll" to "bin\Debug\net8.0\CleanArc.SharedKernel.dll". Beginning retry 8 in 1000ms. The process cannot access the file 'C:\Users\JackyLoh716\Desktop\Y4S2_FYP\vega-backend\src\API\CleanArc.Web.Api\bin\Debug\net8.0\CleanArc.SharedKernel.dll' because it is being used by another process. The file is locked by: "CleanArc.Web.Api (9460)" [C:\Users\JackyLoh716\Desktop\Y4S2_FYP\vega-backend\src\API\CleanArc.Web.Api\CleanArc.Web.Api.csproj]
C:\Program Files\dotnet\sdk\9.0.201\Microsoft.Common.CurrentVersion.targets(5063,5): warning MSB3026: Could not copy "C:\Users\JackyLoh716\Desktop\Y4S2_FYP\vega-backend\src\Core\CleanArc.Domain\bin\Debug\net8.0\CleanArc.Domain.dll" to "bin\Debug\net8.0\CleanArc.Domain.dll". Beginning retry 8 in 1000ms. The process cannot access the file 'C:\Users\JackyLoh716\Desktop\Y4S2_FYP\vega-backend\src\API\CleanArc.Web.Api\bin\Debug\net8.0\CleanArc.Domain.dll' because it is being used by another process. The file is locked by: "CleanArc.Web.Api (9460)" [C:\Users\JackyLoh716\Desktop\Y4S2_FYP\vega-backend\src\API\CleanArc.Web.Api\CleanArc.Web.Api.csproj]
C:\Program Files\dotnet\sdk\9.0.201\Microsoft.Common.CurrentVersion.targets(5063,5): warning MSB3026: Could not copy "C:\Users\JackyLoh716\Desktop\Y4S2_FYP\vega-backend\src\Infrastructure\CleanArc.Infrastructure.Persistence\bin\Debug\net8.0\CleanArc.Infrastructure.Persistence.dll" to "bin\Debug\net8.0\CleanArc.Infrastructure.Persistence.dll". Beginning retry 8 in 1000ms. The process cannot access the file 'C:\Users\JackyLoh716\Desktop\Y4S2_FYP\vega-backend\src\API\CleanArc.Web.Api\bin\Debug\net8.0\CleanArc.Infrastructure.Persistence.dll' because it is being used by another process. The file is locked by: "CleanArc.Web.Api (9460)" [C:\Users\JackyLoh716\Desktop\Y4S2_FYP\vega-backend\src\API\CleanArc.Web.Api\CleanArc.Web.Api.csproj]
C:\Program Files\dotnet\sdk\9.0.201\Microsoft.Common.CurrentVersion.targets(5063,5): warning MSB3026: Could not copy "C:\Users\JackyLoh716\Desktop\Y4S2_FYP\vega-backend\src\Infrastructure\CleanArc.Infrastructure.CrossCutting\bin\Debug\net8.0\CleanArc.Infrastructure.CrossCutting.dll" to "bin\Debug\net8.0\CleanArc.Infrastructure.CrossCutting.dll". Beginning retry 8 in 1000ms. The process cannot access the file 'C:\Users\JackyLoh716\Desktop\Y4S2_FYP\vega-backend\src\API\CleanArc.Web.Api\bin\Debug\net8.0\CleanArc.Infrastructure.CrossCutting.dll' because it is being used by another process. The file is locked by: "CleanArc.Web.Api (9460)" [C:\Users\JackyLoh716\Desktop\Y4S2_FYP\vega-backend\src\API\CleanArc.Web.Api\CleanArc.Web.Api.csproj]
C:\Program Files\dotnet\sdk\9.0.201\Microsoft.Common.CurrentVersion.targets(5063,5): warning MSB3026: Could not copy "C:\Users\JackyLoh716\Desktop\Y4S2_FYP\vega-backend\src\Core\CleanArc.Application\bin\Debug\net8.0\CleanArc.Application.dll" to "bin\Debug\net8.0\CleanArc.Application.dll". Beginning retry 9 in 1000ms. The process cannot access the file 'C:\Users\JackyLoh716\Desktop\Y4S2_FYP\vega-backend\src\API\CleanArc.Web.Api\bin\Debug\net8.0\CleanArc.Application.dll' because it is being used by another process. The file is locked by: "CleanArc.Web.Api (9460)" [C:\Users\JackyLoh716\Desktop\Y4S2_FYP\vega-backend\src\API\CleanArc.Web.Api\CleanArc.Web.Api.csproj]
C:\Program Files\dotnet\sdk\9.0.201\Microsoft.Common.CurrentVersion.targets(5063,5): warning MSB3026: Could not copy "C:\Users\JackyLoh716\Desktop\Y4S2_FYP\vega-backend\src\Infrastructure\CleanArc.Infrastructure.Identity\bin\Debug\net8.0\CleanArc.Infrastructure.Identity.dll" to "bin\Debug\net8.0\CleanArc.Infrastructure.Identity.dll". Beginning retry 9 in 1000ms. The process cannot access the file 'C:\Users\JackyLoh716\Desktop\Y4S2_FYP\vega-backend\src\API\CleanArc.Web.Api\bin\Debug\net8.0\CleanArc.Infrastructure.Identity.dll' because it is being used by another process. The file is locked by: "CleanArc.Web.Api (9460)" [C:\Users\JackyLoh716\Desktop\Y4S2_FYP\vega-backend\src\API\CleanArc.Web.Api\CleanArc.Web.Api.csproj]
C:\Program Files\dotnet\sdk\9.0.201\Microsoft.Common.CurrentVersion.targets(5063,5): warning MSB3026: Could not copy "C:\Users\JackyLoh716\Desktop\Y4S2_FYP\vega-backend\src\Infrastructure\CleanArc.Infrastructure.Persistence\bin\Debug\net8.0\CleanArc.Infrastructure.Persistence.dll" to "bin\Debug\net8.0\CleanArc.Infrastructure.Persistence.dll". Beginning retry 9 in 1000ms. The process cannot access the file 'C:\Users\JackyLoh716\Desktop\Y4S2_FYP\vega-backend\src\API\CleanArc.Web.Api\bin\Debug\net8.0\CleanArc.Infrastructure.Persistence.dll' because it is being used by another process. The file is locked by: "CleanArc.Web.Api (9460)" [C:\Users\JackyLoh716\Desktop\Y4S2_FYP\vega-backend\src\API\CleanArc.Web.Api\CleanArc.Web.Api.csproj]
C:\Program Files\dotnet\sdk\9.0.201\Microsoft.Common.CurrentVersion.targets(5063,5): warning MSB3026: Could not copy "C:\Users\JackyLoh716\Desktop\Y4S2_FYP\vega-backend\src\Infrastructure\CleanArc.Infrastructure.CrossCutting\bin\Debug\net8.0\CleanArc.Infrastructure.CrossCutting.dll" to "bin\Debug\net8.0\CleanArc.Infrastructure.CrossCutting.dll". Beginning retry 9 in 1000ms. The process cannot access the file 'C:\Users\JackyLoh716\Desktop\Y4S2_FYP\vega-backend\src\API\CleanArc.Web.Api\bin\Debug\net8.0\CleanArc.Infrastructure.CrossCutting.dll' because it is being used by another process. The file is locked by: "CleanArc.Web.Api (9460)" [C:\Users\JackyLoh716\Desktop\Y4S2_FYP\vega-backend\src\API\CleanArc.Web.Api\CleanArc.Web.Api.csproj]
C:\Program Files\dotnet\sdk\9.0.201\Microsoft.Common.CurrentVersion.targets(5063,5): warning MSB3026: Could not copy "C:\Users\JackyLoh716\Desktop\Y4S2_FYP\vega-backend\src\Core\CleanArc.Domain\bin\Debug\net8.0\CleanArc.Domain.dll" to "bin\Debug\net8.0\CleanArc.Domain.dll". Beginning retry 9 in 1000ms. The process cannot access the file 'C:\Users\JackyLoh716\Desktop\Y4S2_FYP\vega-backend\src\API\CleanArc.Web.Api\bin\Debug\net8.0\CleanArc.Domain.dll' because it is being used by another process. The file is locked by: "CleanArc.Web.Api (9460)" [C:\Users\JackyLoh716\Desktop\Y4S2_FYP\vega-backend\src\API\CleanArc.Web.Api\CleanArc.Web.Api.csproj]
C:\Program Files\dotnet\sdk\9.0.201\Microsoft.Common.CurrentVersion.targets(5063,5): warning MSB3026: Could not copy "C:\Users\JackyLoh716\Desktop\Y4S2_FYP\vega-backend\src\Shared\CleanArc.SharedKernel\bin\Debug\net8.0\CleanArc.SharedKernel.dll" to "bin\Debug\net8.0\CleanArc.SharedKernel.dll". Beginning retry 9 in 1000ms. The process cannot access the file 'C:\Users\JackyLoh716\Desktop\Y4S2_FYP\vega-backend\src\API\CleanArc.Web.Api\bin\Debug\net8.0\CleanArc.SharedKernel.dll' because it is being used by another process. The file is locked by: "CleanArc.Web.Api (9460)" [C:\Users\JackyLoh716\Desktop\Y4S2_FYP\vega-backend\src\API\CleanArc.Web.Api\CleanArc.Web.Api.csproj]
C:\Program Files\dotnet\sdk\9.0.201\Microsoft.Common.CurrentVersion.targets(5063,5): warning MSB3026: Could not copy "C:\Users\JackyLoh716\Desktop\Y4S2_FYP\vega-backend\src\Core\CleanArc.Application\bin\Debug\net8.0\CleanArc.Application.dll" to "bin\Debug\net8.0\CleanArc.Application.dll". Beginning retry 10 in 1000ms. The process cannot access the file 'C:\Users\JackyLoh716\Desktop\Y4S2_FYP\vega-backend\src\API\CleanArc.Web.Api\bin\Debug\net8.0\CleanArc.Application.dll' because it is being used by another process. The file is locked by: "CleanArc.Web.Api (9460)" [C:\Users\JackyLoh716\Desktop\Y4S2_FYP\vega-backend\src\API\CleanArc.Web.Api\CleanArc.Web.Api.csproj]
C:\Program Files\dotnet\sdk\9.0.201\Microsoft.Common.CurrentVersion.targets(5063,5): warning MSB3026: Could not copy "C:\Users\JackyLoh716\Desktop\Y4S2_FYP\vega-backend\src\Infrastructure\CleanArc.Infrastructure.Identity\bin\Debug\net8.0\CleanArc.Infrastructure.Identity.dll" to "bin\Debug\net8.0\CleanArc.Infrastructure.Identity.dll". Beginning retry 10 in 1000ms. The process cannot access the file 'C:\Users\JackyLoh716\Desktop\Y4S2_FYP\vega-backend\src\API\CleanArc.Web.Api\bin\Debug\net8.0\CleanArc.Infrastructure.Identity.dll' because it is being used by another process. The file is locked by: "CleanArc.Web.Api (9460)" [C:\Users\JackyLoh716\Desktop\Y4S2_FYP\vega-backend\src\API\CleanArc.Web.Api\CleanArc.Web.Api.csproj]
C:\Program Files\dotnet\sdk\9.0.201\Microsoft.Common.CurrentVersion.targets(5063,5): warning MSB3026: Could not copy "C:\Users\JackyLoh716\Desktop\Y4S2_FYP\vega-backend\src\Shared\CleanArc.SharedKernel\bin\Debug\net8.0\CleanArc.SharedKernel.dll" to "bin\Debug\net8.0\CleanArc.SharedKernel.dll". Beginning retry 10 in 1000ms. The process cannot access the file 'C:\Users\JackyLoh716\Desktop\Y4S2_FYP\vega-backend\src\API\CleanArc.Web.Api\bin\Debug\net8.0\CleanArc.SharedKernel.dll' because it is being used by another process. The file is locked by: "CleanArc.Web.Api (9460)" [C:\Users\JackyLoh716\Desktop\Y4S2_FYP\vega-backend\src\API\CleanArc.Web.Api\CleanArc.Web.Api.csproj]
C:\Program Files\dotnet\sdk\9.0.201\Microsoft.Common.CurrentVersion.targets(5063,5): warning MSB3026: Could not copy "C:\Users\JackyLoh716\Desktop\Y4S2_FYP\vega-backend\src\Core\CleanArc.Domain\bin\Debug\net8.0\CleanArc.Domain.dll" to "bin\Debug\net8.0\CleanArc.Domain.dll". Beginning retry 10 in 1000ms. The process cannot access the file 'C:\Users\JackyLoh716\Desktop\Y4S2_FYP\vega-backend\src\API\CleanArc.Web.Api\bin\Debug\net8.0\CleanArc.Domain.dll' because it is being used by another process. The file is locked by: "CleanArc.Web.Api (9460)" [C:\Users\JackyLoh716\Desktop\Y4S2_FYP\vega-backend\src\API\CleanArc.Web.Api\CleanArc.Web.Api.csproj]
C:\Program Files\dotnet\sdk\9.0.201\Microsoft.Common.CurrentVersion.targets(5063,5): warning MSB3026: Could not copy "C:\Users\JackyLoh716\Desktop\Y4S2_FYP\vega-backend\src\Infrastructure\CleanArc.Infrastructure.Persistence\bin\Debug\net8.0\CleanArc.Infrastructure.Persistence.dll" to "bin\Debug\net8.0\CleanArc.Infrastructure.Persistence.dll". Beginning retry 10 in 1000ms. The process cannot access the file 'C:\Users\JackyLoh716\Desktop\Y4S2_FYP\vega-backend\src\API\CleanArc.Web.Api\bin\Debug\net8.0\CleanArc.Infrastructure.Persistence.dll' because it is being used by another process. The file is locked by: "CleanArc.Web.Api (9460)" [C:\Users\JackyLoh716\Desktop\Y4S2_FYP\vega-backend\src\API\CleanArc.Web.Api\CleanArc.Web.Api.csproj]
C:\Program Files\dotnet\sdk\9.0.201\Microsoft.Common.CurrentVersion.targets(5063,5): warning MSB3026: Could not copy "C:\Users\JackyLoh716\Desktop\Y4S2_FYP\vega-backend\src\Infrastructure\CleanArc.Infrastructure.CrossCutting\bin\Debug\net8.0\CleanArc.Infrastructure.CrossCutting.dll" to "bin\Debug\net8.0\CleanArc.Infrastructure.CrossCutting.dll". Beginning retry 10 in 1000ms. The process cannot access the file 'C:\Users\JackyLoh716\Desktop\Y4S2_FYP\vega-backend\src\API\CleanArc.Web.Api\bin\Debug\net8.0\CleanArc.Infrastructure.CrossCutting.dll' because it is being used by another process. The file is locked by: "CleanArc.Web.Api (9460)" [C:\Users\JackyLoh716\Desktop\Y4S2_FYP\vega-backend\src\API\CleanArc.Web.Api\CleanArc.Web.Api.csproj]
C:\Program Files\dotnet\sdk\9.0.201\Microsoft.Common.CurrentVersion.targets(5063,5): warning MSB3026: Could not copy "C:\Users\JackyLoh716\Desktop\Y4S2_FYP\vega-backend\src\API\Plugins\CleanArc.Web.Plugins.Grpc\bin\Debug\net8.0\CleanArc.Web.Plugins.Grpc.dll" to "bin\Debug\net8.0\CleanArc.Web.Plugins.Grpc.dll". Beginning retry 1 in 1000ms. The process cannot access the file 'C:\Users\JackyLoh716\Desktop\Y4S2_FYP\vega-backend\src\API\CleanArc.Web.Api\bin\Debug\net8.0\CleanArc.Web.Plugins.Grpc.dll' because it is being used by another process. The file is locked by: "CleanArc.Web.Api (9460)" [C:\Users\JackyLoh716\Desktop\Y4S2_FYP\vega-backend\src\API\CleanArc.Web.Api\CleanArc.Web.Api.csproj]
C:\Program Files\dotnet\sdk\9.0.201\Microsoft.Common.CurrentVersion.targets(5063,5): warning MSB3026: Could not copy "C:\Users\JackyLoh716\Desktop\Y4S2_FYP\vega-backend\src\API\CleanArc.WebFramework\bin\Debug\net8.0\CleanArc.WebFramework.dll" to "bin\Debug\net8.0\CleanArc.WebFramework.dll". Beginning retry 1 in 1000ms. The process cannot access the file 'C:\Users\JackyLoh716\Desktop\Y4S2_FYP\vega-backend\src\API\CleanArc.Web.Api\bin\Debug\net8.0\CleanArc.WebFramework.dll' because it is being used by another process. The file is locked by: "CleanArc.Web.Api (9460)" [C:\Users\JackyLoh716\Desktop\Y4S2_FYP\vega-backend\src\API\CleanArc.Web.Api\CleanArc.Web.Api.csproj]
C:\Program Files\dotnet\sdk\9.0.201\Microsoft.Common.CurrentVersion.targets(5063,5): warning MSB3026: Could not copy "C:\Users\JackyLoh716\Desktop\Y4S2_FYP\vega-backend\src\API\Plugins\CleanArc.Web.Plugins.Grpc\bin\Debug\net8.0\CleanArc.Web.Plugins.Grpc.dll" to "bin\Debug\net8.0\CleanArc.Web.Plugins.Grpc.dll". Beginning retry 2 in 1000ms. The process cannot access the file 'C:\Users\JackyLoh716\Desktop\Y4S2_FYP\vega-backend\src\API\CleanArc.Web.Api\bin\Debug\net8.0\CleanArc.Web.Plugins.Grpc.dll' because it is being used by another process. The file is locked by: "CleanArc.Web.Api (9460)" [C:\Users\JackyLoh716\Desktop\Y4S2_FYP\vega-backend\src\API\CleanArc.Web.Api\CleanArc.Web.Api.csproj]
C:\Program Files\dotnet\sdk\9.0.201\Microsoft.Common.CurrentVersion.targets(5063,5): warning MSB3026: Could not copy "C:\Users\JackyLoh716\Desktop\Y4S2_FYP\vega-backend\src\API\CleanArc.WebFramework\bin\Debug\net8.0\CleanArc.WebFramework.dll" to "bin\Debug\net8.0\CleanArc.WebFramework.dll". Beginning retry 2 in 1000ms. The process cannot access the file 'C:\Users\JackyLoh716\Desktop\Y4S2_FYP\vega-backend\src\API\CleanArc.Web.Api\bin\Debug\net8.0\CleanArc.WebFramework.dll' because it is being used by another process. The file is locked by: "CleanArc.Web.Api (9460)" [C:\Users\JackyLoh716\Desktop\Y4S2_FYP\vega-backend\src\API\CleanArc.Web.Api\CleanArc.Web.Api.csproj]
C:\Program Files\dotnet\sdk\9.0.201\Microsoft.Common.CurrentVersion.targets(5063,5): warning MSB3026: Could not copy "C:\Users\JackyLoh716\Desktop\Y4S2_FYP\vega-backend\src\API\Plugins\CleanArc.Web.Plugins.Grpc\bin\Debug\net8.0\CleanArc.Web.Plugins.Grpc.dll" to "bin\Debug\net8.0\CleanArc.Web.Plugins.Grpc.dll". Beginning retry 3 in 1000ms. The process cannot access the file 'C:\Users\JackyLoh716\Desktop\Y4S2_FYP\vega-backend\src\API\CleanArc.Web.Api\bin\Debug\net8.0\CleanArc.Web.Plugins.Grpc.dll' because it is being used by another process. The file is locked by: "CleanArc.Web.Api (9460)" [C:\Users\JackyLoh716\Desktop\Y4S2_FYP\vega-backend\src\API\CleanArc.Web.Api\CleanArc.Web.Api.csproj]
C:\Program Files\dotnet\sdk\9.0.201\Microsoft.Common.CurrentVersion.targets(5063,5): warning MSB3026: Could not copy "C:\Users\JackyLoh716\Desktop\Y4S2_FYP\vega-backend\src\API\CleanArc.WebFramework\bin\Debug\net8.0\CleanArc.WebFramework.dll" to "bin\Debug\net8.0\CleanArc.WebFramework.dll". Beginning retry 3 in 1000ms. The process cannot access the file 'C:\Users\JackyLoh716\Desktop\Y4S2_FYP\vega-backend\src\API\CleanArc.Web.Api\bin\Debug\net8.0\CleanArc.WebFramework.dll' because it is being used by another process. The file is locked by: "CleanArc.Web.Api (9460)" [C:\Users\JackyLoh716\Desktop\Y4S2_FYP\vega-backend\src\API\CleanArc.Web.Api\CleanArc.Web.Api.csproj]
C:\Program Files\dotnet\sdk\9.0.201\Microsoft.Common.CurrentVersion.targets(5063,5): warning MSB3026: Could not copy "C:\Users\JackyLoh716\Desktop\Y4S2_FYP\vega-backend\src\API\Plugins\CleanArc.Web.Plugins.Grpc\bin\Debug\net8.0\CleanArc.Web.Plugins.Grpc.dll" to "bin\Debug\net8.0\CleanArc.Web.Plugins.Grpc.dll". Beginning retry 4 in 1000ms. The process cannot access the file 'C:\Users\JackyLoh716\Desktop\Y4S2_FYP\vega-backend\src\API\CleanArc.Web.Api\bin\Debug\net8.0\CleanArc.Web.Plugins.Grpc.dll' because it is being used by another process. The file is locked by: "CleanArc.Web.Api (9460)" [C:\Users\JackyLoh716\Desktop\Y4S2_FYP\vega-backend\src\API\CleanArc.Web.Api\CleanArc.Web.Api.csproj]
C:\Program Files\dotnet\sdk\9.0.201\Microsoft.Common.CurrentVersion.targets(5063,5): warning MSB3026: Could not copy "C:\Users\JackyLoh716\Desktop\Y4S2_FYP\vega-backend\src\API\CleanArc.WebFramework\bin\Debug\net8.0\CleanArc.WebFramework.dll" to "bin\Debug\net8.0\CleanArc.WebFramework.dll". Beginning retry 4 in 1000ms. The process cannot access the file 'C:\Users\JackyLoh716\Desktop\Y4S2_FYP\vega-backend\src\API\CleanArc.Web.Api\bin\Debug\net8.0\CleanArc.WebFramework.dll' because it is being used by another process. The file is locked by: "CleanArc.Web.Api (9460)" [C:\Users\JackyLoh716\Desktop\Y4S2_FYP\vega-backend\src\API\CleanArc.Web.Api\CleanArc.Web.Api.csproj]
C:\Program Files\dotnet\sdk\9.0.201\Microsoft.Common.CurrentVersion.targets(5063,5): warning MSB3026: Could not copy "C:\Users\JackyLoh716\Desktop\Y4S2_FYP\vega-backend\src\API\Plugins\CleanArc.Web.Plugins.Grpc\bin\Debug\net8.0\CleanArc.Web.Plugins.Grpc.dll" to "bin\Debug\net8.0\CleanArc.Web.Plugins.Grpc.dll". Beginning retry 5 in 1000ms. The process cannot access the file 'C:\Users\JackyLoh716\Desktop\Y4S2_FYP\vega-backend\src\API\CleanArc.Web.Api\bin\Debug\net8.0\CleanArc.Web.Plugins.Grpc.dll' because it is being used by another process. The file is locked by: "CleanArc.Web.Api (9460)" [C:\Users\JackyLoh716\Desktop\Y4S2_FYP\vega-backend\src\API\CleanArc.Web.Api\CleanArc.Web.Api.csproj]
C:\Program Files\dotnet\sdk\9.0.201\Microsoft.Common.CurrentVersion.targets(5063,5): warning MSB3026: Could not copy "C:\Users\JackyLoh716\Desktop\Y4S2_FYP\vega-backend\src\API\CleanArc.WebFramework\bin\Debug\net8.0\CleanArc.WebFramework.dll" to "bin\Debug\net8.0\CleanArc.WebFramework.dll". Beginning retry 5 in 1000ms. The process cannot access the file 'C:\Users\JackyLoh716\Desktop\Y4S2_FYP\vega-backend\src\API\CleanArc.Web.Api\bin\Debug\net8.0\CleanArc.WebFramework.dll' because it is being used by another process. The file is locked by: "CleanArc.Web.Api (9460)" [C:\Users\JackyLoh716\Desktop\Y4S2_FYP\vega-backend\src\API\CleanArc.Web.Api\CleanArc.Web.Api.csproj]
C:\Program Files\dotnet\sdk\9.0.201\Microsoft.Common.CurrentVersion.targets(5063,5): warning MSB3026: Could not copy "C:\Users\JackyLoh716\Desktop\Y4S2_FYP\vega-backend\src\API\Plugins\CleanArc.Web.Plugins.Grpc\bin\Debug\net8.0\CleanArc.Web.Plugins.Grpc.dll" to "bin\Debug\net8.0\CleanArc.Web.Plugins.Grpc.dll". Beginning retry 6 in 1000ms. The process cannot access the file 'C:\Users\JackyLoh716\Desktop\Y4S2_FYP\vega-backend\src\API\CleanArc.Web.Api\bin\Debug\net8.0\CleanArc.Web.Plugins.Grpc.dll' because it is being used by another process. The file is locked by: "CleanArc.Web.Api (9460)" [C:\Users\JackyLoh716\Desktop\Y4S2_FYP\vega-backend\src\API\CleanArc.Web.Api\CleanArc.Web.Api.csproj]
C:\Program Files\dotnet\sdk\9.0.201\Microsoft.Common.CurrentVersion.targets(5063,5): warning MSB3026: Could not copy "C:\Users\JackyLoh716\Desktop\Y4S2_FYP\vega-backend\src\API\CleanArc.WebFramework\bin\Debug\net8.0\CleanArc.WebFramework.dll" to "bin\Debug\net8.0\CleanArc.WebFramework.dll". Beginning retry 6 in 1000ms. The process cannot access the file 'C:\Users\JackyLoh716\Desktop\Y4S2_FYP\vega-backend\src\API\CleanArc.Web.Api\bin\Debug\net8.0\CleanArc.WebFramework.dll' because it is being used by another process. The file is locked by: "CleanArc.Web.Api (9460)" [C:\Users\JackyLoh716\Desktop\Y4S2_FYP\vega-backend\src\API\CleanArc.Web.Api\CleanArc.Web.Api.csproj]
C:\Program Files\dotnet\sdk\9.0.201\Microsoft.Common.CurrentVersion.targets(5063,5): warning MSB3026: Could not copy "C:\Users\JackyLoh716\Desktop\Y4S2_FYP\vega-backend\src\API\Plugins\CleanArc.Web.Plugins.Grpc\bin\Debug\net8.0\CleanArc.Web.Plugins.Grpc.dll" to "bin\Debug\net8.0\CleanArc.Web.Plugins.Grpc.dll". Beginning retry 7 in 1000ms. The process cannot access the file 'C:\Users\JackyLoh716\Desktop\Y4S2_FYP\vega-backend\src\API\CleanArc.Web.Api\bin\Debug\net8.0\CleanArc.Web.Plugins.Grpc.dll' because it is being used by another process. The file is locked by: "CleanArc.Web.Api (9460)" [C:\Users\JackyLoh716\Desktop\Y4S2_FYP\vega-backend\src\API\CleanArc.Web.Api\CleanArc.Web.Api.csproj]
C:\Program Files\dotnet\sdk\9.0.201\Microsoft.Common.CurrentVersion.targets(5063,5): warning MSB3026: Could not copy "C:\Users\JackyLoh716\Desktop\Y4S2_FYP\vega-backend\src\API\CleanArc.WebFramework\bin\Debug\net8.0\CleanArc.WebFramework.dll" to "bin\Debug\net8.0\CleanArc.WebFramework.dll". Beginning retry 7 in 1000ms. The process cannot access the file 'C:\Users\JackyLoh716\Desktop\Y4S2_FYP\vega-backend\src\API\CleanArc.Web.Api\bin\Debug\net8.0\CleanArc.WebFramework.dll' because it is being used by another process. The file is locked by: "CleanArc.Web.Api (9460)" [C:\Users\JackyLoh716\Desktop\Y4S2_FYP\vega-backend\src\API\CleanArc.Web.Api\CleanArc.Web.Api.csproj]
C:\Program Files\dotnet\sdk\9.0.201\Microsoft.Common.CurrentVersion.targets(5063,5): warning MSB3026: Could not copy "C:\Users\JackyLoh716\Desktop\Y4S2_FYP\vega-backend\src\API\Plugins\CleanArc.Web.Plugins.Grpc\bin\Debug\net8.0\CleanArc.Web.Plugins.Grpc.dll" to "bin\Debug\net8.0\CleanArc.Web.Plugins.Grpc.dll". Beginning retry 8 in 1000ms. The process cannot access the file 'C:\Users\JackyLoh716\Desktop\Y4S2_FYP\vega-backend\src\API\CleanArc.Web.Api\bin\Debug\net8.0\CleanArc.Web.Plugins.Grpc.dll' because it is being used by another process. The file is locked by: "CleanArc.Web.Api (9460)" [C:\Users\JackyLoh716\Desktop\Y4S2_FYP\vega-backend\src\API\CleanArc.Web.Api\CleanArc.Web.Api.csproj]
C:\Program Files\dotnet\sdk\9.0.201\Microsoft.Common.CurrentVersion.targets(5063,5): warning MSB3026: Could not copy "C:\Users\JackyLoh716\Desktop\Y4S2_FYP\vega-backend\src\API\CleanArc.WebFramework\bin\Debug\net8.0\CleanArc.WebFramework.dll" to "bin\Debug\net8.0\CleanArc.WebFramework.dll". Beginning retry 8 in 1000ms. The process cannot access the file 'C:\Users\JackyLoh716\Desktop\Y4S2_FYP\vega-backend\src\API\CleanArc.Web.Api\bin\Debug\net8.0\CleanArc.WebFramework.dll' because it is being used by another process. The file is locked by: "CleanArc.Web.Api (9460)" [C:\Users\JackyLoh716\Desktop\Y4S2_FYP\vega-backend\src\API\CleanArc.Web.Api\CleanArc.Web.Api.csproj]
C:\Program Files\dotnet\sdk\9.0.201\Microsoft.Common.CurrentVersion.targets(5063,5): warning MSB3026: Could not copy "C:\Users\JackyLoh716\Desktop\Y4S2_FYP\vega-backend\src\API\Plugins\CleanArc.Web.Plugins.Grpc\bin\Debug\net8.0\CleanArc.Web.Plugins.Grpc.dll" to "bin\Debug\net8.0\CleanArc.Web.Plugins.Grpc.dll". Beginning retry 9 in 1000ms. The process cannot access the file 'C:\Users\JackyLoh716\Desktop\Y4S2_FYP\vega-backend\src\API\CleanArc.Web.Api\bin\Debug\net8.0\CleanArc.Web.Plugins.Grpc.dll' because it is being used by another process. The file is locked by: "CleanArc.Web.Api (9460)" [C:\Users\JackyLoh716\Desktop\Y4S2_FYP\vega-backend\src\API\CleanArc.Web.Api\CleanArc.Web.Api.csproj]
C:\Program Files\dotnet\sdk\9.0.201\Microsoft.Common.CurrentVersion.targets(5063,5): warning MSB3026: Could not copy "C:\Users\JackyLoh716\Desktop\Y4S2_FYP\vega-backend\src\API\CleanArc.WebFramework\bin\Debug\net8.0\CleanArc.WebFramework.dll" to "bin\Debug\net8.0\CleanArc.WebFramework.dll". Beginning retry 9 in 1000ms. The process cannot access the file 'C:\Users\JackyLoh716\Desktop\Y4S2_FYP\vega-backend\src\API\CleanArc.Web.Api\bin\Debug\net8.0\CleanArc.WebFramework.dll' because it is being used by another process. The file is locked by: "CleanArc.Web.Api (9460)" [C:\Users\JackyLoh716\Desktop\Y4S2_FYP\vega-backend\src\API\CleanArc.Web.Api\CleanArc.Web.Api.csproj]
C:\Program Files\dotnet\sdk\9.0.201\Microsoft.Common.CurrentVersion.targets(5063,5): warning MSB3026: Could not copy "C:\Users\JackyLoh716\Desktop\Y4S2_FYP\vega-backend\src\API\Plugins\CleanArc.Web.Plugins.Grpc\bin\Debug\net8.0\CleanArc.Web.Plugins.Grpc.dll" to "bin\Debug\net8.0\CleanArc.Web.Plugins.Grpc.dll". Beginning retry 10 in 1000ms. The process cannot access the file 'C:\Users\JackyLoh716\Desktop\Y4S2_FYP\vega-backend\src\API\CleanArc.Web.Api\bin\Debug\net8.0\CleanArc.Web.Plugins.Grpc.dll' because it is being used by another process. The file is locked by: "CleanArc.Web.Api (9460)" [C:\Users\JackyLoh716\Desktop\Y4S2_FYP\vega-backend\src\API\CleanArc.Web.Api\CleanArc.Web.Api.csproj]
C:\Program Files\dotnet\sdk\9.0.201\Microsoft.Common.CurrentVersion.targets(5063,5): warning MSB3026: Could not copy "C:\Users\JackyLoh716\Desktop\Y4S2_FYP\vega-backend\src\API\CleanArc.WebFramework\bin\Debug\net8.0\CleanArc.WebFramework.dll" to "bin\Debug\net8.0\CleanArc.WebFramework.dll". Beginning retry 10 in 1000ms. The process cannot access the file 'C:\Users\JackyLoh716\Desktop\Y4S2_FYP\vega-backend\src\API\CleanArc.Web.Api\bin\Debug\net8.0\CleanArc.WebFramework.dll' because it is being used by another process. The file is locked by: "CleanArc.Web.Api (9460)" [C:\Users\JackyLoh716\Desktop\Y4S2_FYP\vega-backend\src\API\CleanArc.Web.Api\CleanArc.Web.Api.csproj]
C:\Program Files\dotnet\sdk\9.0.201\Microsoft.Common.CurrentVersion.targets(5063,5): error MSB3027: Could not copy "C:\Users\JackyLoh716\Desktop\Y4S2_FYP\vega-backend\src\Core\CleanArc.Application\bin\Debug\net8.0\CleanArc.Application.dll" to "bin\Debug\net8.0\CleanArc.Application.dll". Exceeded retry count of 10. Failed. The file is locked by: "CleanArc.Web.Api (9460)" [C:\Users\JackyLoh716\Desktop\Y4S2_FYP\vega-backend\src\API\CleanArc.Web.Api\CleanArc.Web.Api.csproj]
C:\Program Files\dotnet\sdk\9.0.201\Microsoft.Common.CurrentVersion.targets(5063,5): error MSB3021: Unable to copy file "C:\Users\JackyLoh716\Desktop\Y4S2_FYP\vega-backend\src\Core\CleanArc.Application\bin\Debug\net8.0\CleanArc.Application.dll" to "bin\Debug\net8.0\CleanArc.Application.dll". The process cannot access the file 'C:\Users\JackyLoh716\Desktop\Y4S2_FYP\vega-backend\src\API\CleanArc.Web.Api\bin\Debug\net8.0\CleanArc.Application.dll' because it is being used by another process. [C:\Users\JackyLoh716\Desktop\Y4S2_FYP\vega-backend\src\API\CleanArc.Web.Api\CleanArc.Web.Api.csproj]
C:\Program Files\dotnet\sdk\9.0.201\Microsoft.Common.CurrentVersion.targets(5063,5): error MSB3027: Could not copy "C:\Users\JackyLoh716\Desktop\Y4S2_FYP\vega-backend\src\Infrastructure\CleanArc.Infrastructure.Identity\bin\Debug\net8.0\CleanArc.Infrastructure.Identity.dll" to "bin\Debug\net8.0\CleanArc.Infrastructure.Identity.dll". Exceeded retry count of 10. Failed. The file is locked by: "CleanArc.Web.Api (9460)" [C:\Users\JackyLoh716\Desktop\Y4S2_FYP\vega-backend\src\API\CleanArc.Web.Api\CleanArc.Web.Api.csproj]
C:\Program Files\dotnet\sdk\9.0.201\Microsoft.Common.CurrentVersion.targets(5063,5): error MSB3021: Unable to copy file "C:\Users\JackyLoh716\Desktop\Y4S2_FYP\vega-backend\src\Infrastructure\CleanArc.Infrastructure.Identity\bin\Debug\net8.0\CleanArc.Infrastructure.Identity.dll" to "bin\Debug\net8.0\CleanArc.Infrastructure.Identity.dll". The process cannot access the file 'C:\Users\JackyLoh716\Desktop\Y4S2_FYP\vega-backend\src\API\CleanArc.Web.Api\bin\Debug\net8.0\CleanArc.Infrastructure.Identity.dll' because it is being used by another process. [C:\Users\JackyLoh716\Desktop\Y4S2_FYP\vega-backend\src\API\CleanArc.Web.Api\CleanArc.Web.Api.csproj]
C:\Program Files\dotnet\sdk\9.0.201\Microsoft.Common.CurrentVersion.targets(5063,5): error MSB3027: Could not copy "C:\Users\JackyLoh716\Desktop\Y4S2_FYP\vega-backend\src\Core\CleanArc.Domain\bin\Debug\net8.0\CleanArc.Domain.dll" to "bin\Debug\net8.0\CleanArc.Domain.dll". Exceeded retry count of 10. Failed. The file is locked by: "CleanArc.Web.Api (9460)" [C:\Users\JackyLoh716\Desktop\Y4S2_FYP\vega-backend\src\API\CleanArc.Web.Api\CleanArc.Web.Api.csproj]
C:\Program Files\dotnet\sdk\9.0.201\Microsoft.Common.CurrentVersion.targets(5063,5): error MSB3021: Unable to copy file "C:\Users\JackyLoh716\Desktop\Y4S2_FYP\vega-backend\src\Core\CleanArc.Domain\bin\Debug\net8.0\CleanArc.Domain.dll" to "bin\Debug\net8.0\CleanArc.Domain.dll". The process cannot access the file 'C:\Users\JackyLoh716\Desktop\Y4S2_FYP\vega-backend\src\API\CleanArc.Web.Api\bin\Debug\net8.0\CleanArc.Domain.dll' because it is being used by another process. [C:\Users\JackyLoh716\Desktop\Y4S2_FYP\vega-backend\src\API\CleanArc.Web.Api\CleanArc.Web.Api.csproj]
C:\Program Files\dotnet\sdk\9.0.201\Microsoft.Common.CurrentVersion.targets(5063,5): error MSB3027: Could not copy "C:\Users\JackyLoh716\Desktop\Y4S2_FYP\vega-backend\src\Shared\CleanArc.SharedKernel\bin\Debug\net8.0\CleanArc.SharedKernel.dll" to "bin\Debug\net8.0\CleanArc.SharedKernel.dll". Exceeded retry count of 10. Failed. The file is locked by: "CleanArc.Web.Api (9460)" [C:\Users\JackyLoh716\Desktop\Y4S2_FYP\vega-backend\src\API\CleanArc.Web.Api\CleanArc.Web.Api.csproj]
C:\Program Files\dotnet\sdk\9.0.201\Microsoft.Common.CurrentVersion.targets(5063,5): error MSB3021: Unable to copy file "C:\Users\JackyLoh716\Desktop\Y4S2_FYP\vega-backend\src\Shared\CleanArc.SharedKernel\bin\Debug\net8.0\CleanArc.SharedKernel.dll" to "bin\Debug\net8.0\CleanArc.SharedKernel.dll". The process cannot access the file 'C:\Users\JackyLoh716\Desktop\Y4S2_FYP\vega-backend\src\API\CleanArc.Web.Api\bin\Debug\net8.0\CleanArc.SharedKernel.dll' because it is being used by another process. [C:\Users\JackyLoh716\Desktop\Y4S2_FYP\vega-backend\src\API\CleanArc.Web.Api\CleanArc.Web.Api.csproj]
C:\Program Files\dotnet\sdk\9.0.201\Microsoft.Common.CurrentVersion.targets(5063,5): error MSB3027: Could not copy "C:\Users\JackyLoh716\Desktop\Y4S2_FYP\vega-backend\src\Infrastructure\CleanArc.Infrastructure.Persistence\bin\Debug\net8.0\CleanArc.Infrastructure.Persistence.dll" to "bin\Debug\net8.0\CleanArc.Infrastructure.Persistence.dll". Exceeded retry count of 10. Failed. The file is locked by: "CleanArc.Web.Api (9460)" [C:\Users\JackyLoh716\Desktop\Y4S2_FYP\vega-backend\src\API\CleanArc.Web.Api\CleanArc.Web.Api.csproj]
C:\Program Files\dotnet\sdk\9.0.201\Microsoft.Common.CurrentVersion.targets(5063,5): error MSB3021: Unable to copy file "C:\Users\JackyLoh716\Desktop\Y4S2_FYP\vega-backend\src\Infrastructure\CleanArc.Infrastructure.Persistence\bin\Debug\net8.0\CleanArc.Infrastructure.Persistence.dll" to "bin\Debug\net8.0\CleanArc.Infrastructure.Persistence.dll". The process cannot access the file 'C:\Users\JackyLoh716\Desktop\Y4S2_FYP\vega-backend\src\API\CleanArc.Web.Api\bin\Debug\net8.0\CleanArc.Infrastructure.Persistence.dll' because it is being used by another process. [C:\Users\JackyLoh716\Desktop\Y4S2_FYP\vega-backend\src\API\CleanArc.Web.Api\CleanArc.Web.Api.csproj]
C:\Program Files\dotnet\sdk\9.0.201\Microsoft.Common.CurrentVersion.targets(5063,5): error MSB3027: Could not copy "C:\Users\JackyLoh716\Desktop\Y4S2_FYP\vega-backend\src\Infrastructure\CleanArc.Infrastructure.CrossCutting\bin\Debug\net8.0\CleanArc.Infrastructure.CrossCutting.dll" to "bin\Debug\net8.0\CleanArc.Infrastructure.CrossCutting.dll". Exceeded retry count of 10. Failed. The file is locked by: "CleanArc.Web.Api (9460)" [C:\Users\JackyLoh716\Desktop\Y4S2_FYP\vega-backend\src\API\CleanArc.Web.Api\CleanArc.Web.Api.csproj]
C:\Program Files\dotnet\sdk\9.0.201\Microsoft.Common.CurrentVersion.targets(5063,5): error MSB3021: Unable to copy file "C:\Users\JackyLoh716\Desktop\Y4S2_FYP\vega-backend\src\Infrastructure\CleanArc.Infrastructure.CrossCutting\bin\Debug\net8.0\CleanArc.Infrastructure.CrossCutting.dll" to "bin\Debug\net8.0\CleanArc.Infrastructure.CrossCutting.dll". The process cannot access the file 'C:\Users\JackyLoh716\Desktop\Y4S2_FYP\vega-backend\src\API\CleanArc.Web.Api\bin\Debug\net8.0\CleanArc.Infrastructure.CrossCutting.dll' because it is being used by another process. [C:\Users\JackyLoh716\Desktop\Y4S2_FYP\vega-backend\src\API\CleanArc.Web.Api\CleanArc.Web.Api.csproj]
C:\Program Files\dotnet\sdk\9.0.201\Microsoft.Common.CurrentVersion.targets(5063,5): error MSB3027: Could not copy "C:\Users\JackyLoh716\Desktop\Y4S2_FYP\vega-backend\src\API\Plugins\CleanArc.Web.Plugins.Grpc\bin\Debug\net8.0\CleanArc.Web.Plugins.Grpc.dll" to "bin\Debug\net8.0\CleanArc.Web.Plugins.Grpc.dll". Exceeded retry count of 10. Failed. The file is locked by: "CleanArc.Web.Api (9460)" [C:\Users\JackyLoh716\Desktop\Y4S2_FYP\vega-backend\src\API\CleanArc.Web.Api\CleanArc.Web.Api.csproj]
C:\Program Files\dotnet\sdk\9.0.201\Microsoft.Common.CurrentVersion.targets(5063,5): error MSB3021: Unable to copy file "C:\Users\JackyLoh716\Desktop\Y4S2_FYP\vega-backend\src\API\Plugins\CleanArc.Web.Plugins.Grpc\bin\Debug\net8.0\CleanArc.Web.Plugins.Grpc.dll" to "bin\Debug\net8.0\CleanArc.Web.Plugins.Grpc.dll". The process cannot access the file 'C:\Users\JackyLoh716\Desktop\Y4S2_FYP\vega-backend\src\API\CleanArc.Web.Api\bin\Debug\net8.0\CleanArc.Web.Plugins.Grpc.dll' because it is being used by another process. [C:\Users\JackyLoh716\Desktop\Y4S2_FYP\vega-backend\src\API\CleanArc.Web.Api\CleanArc.Web.Api.csproj]
C:\Program Files\dotnet\sdk\9.0.201\Microsoft.Common.CurrentVersion.targets(5063,5): error MSB3027: Could not copy "C:\Users\JackyLoh716\Desktop\Y4S2_FYP\vega-backend\src\API\CleanArc.WebFramework\bin\Debug\net8.0\CleanArc.WebFramework.dll" to "bin\Debug\net8.0\CleanArc.WebFramework.dll". Exceeded retry count of 10. Failed. The file is locked by: "CleanArc.Web.Api (9460)" [C:\Users\JackyLoh716\Desktop\Y4S2_FYP\vega-backend\src\API\CleanArc.Web.Api\CleanArc.Web.Api.csproj]
C:\Program Files\dotnet\sdk\9.0.201\Microsoft.Common.CurrentVersion.targets(5063,5): error MSB3021: Unable to copy file "C:\Users\JackyLoh716\Desktop\Y4S2_FYP\vega-backend\src\API\CleanArc.WebFramework\bin\Debug\net8.0\CleanArc.WebFramework.dll" to "bin\Debug\net8.0\CleanArc.WebFramework.dll". The process cannot access the file 'C:\Users\JackyLoh716\Desktop\Y4S2_FYP\vega-backend\src\API\CleanArc.Web.Api\bin\Debug\net8.0\CleanArc.WebFramework.dll' because it is being used by another process. [C:\Users\JackyLoh716\Desktop\Y4S2_FYP\vega-backend\src\API\CleanArc.Web.Api\CleanArc.Web.Api.csproj]
    80 Warning(s)
    16 Error(s)

Time Elapsed 00:00:26.33
